[2026-06-11 21:03:41.449] [jointLog] [info] setting maxHashResizeThreads to 4
[2026-06-11 21:03:41.449] [jointLog] [info] Fragment incompatibility prior below threshold.  Incompatible fragments will be ignored.
[2026-06-11 21:03:41.449] [jointLog] [info] Usage of --validateMappings implies use of minScoreFraction. Since not explicitly specified, it is being set to 0.65
[2026-06-11 21:03:41.449] [jointLog] [info] Setting consensusSlack to selective-alignment default of 0.35.
[2026-06-11 21:03:41.449] [jointLog] [info] parsing read library format
[2026-06-11 21:03:41.449] [jointLog] [info] There is 1 library.
[2026-06-11 21:03:41.464] [jointLog] [info] Loading pufferfish index
[2026-06-11 21:03:41.469] [jointLog] [info] Loading dense pufferfish index.
[2026-06-11 21:03:41.743] [jointLog] [info] done
[2026-06-11 21:03:41.806] [jointLog] [info] Index contained 4057 targets
[2026-06-11 21:03:41.806] [jointLog] [info] Number of decoys : 0
[2026-06-11 21:03:42.389] [jointLog] [info] Automatically detected most likely library type as ISR

[2026-06-11 21:04:17.506] [jointLog] [info] Thread saw mini-batch with a maximum of 13.88% zero probability fragments
[2026-06-11 21:04:17.506] [jointLog] [info] Thread saw mini-batch with a maximum of 13.74% zero probability fragments
[2026-06-11 21:04:17.519] [jointLog] [info] Thread saw mini-batch with a maximum of 13.82% zero probability fragments
[2026-06-11 21:04:17.519] [jointLog] [info] Thread saw mini-batch with a maximum of 13.80% zero probability fragments
[2026-06-11 21:04:17.530] [jointLog] [info] Computed 6256 rich equivalence classes for further processing
[2026-06-11 21:04:17.530] [jointLog] [info] Counted 4570606 total reads in the equivalence classes 
[2026-06-11 21:04:17.532] [jointLog] [warning] 0.000757061% of fragments were shorter than the k used to build the index.
If this fraction is too large, consider re-building the index with a smaller k.
The minimum read size found was 30.


[2026-06-11 21:04:17.532] [jointLog] [info] Number of mappings discarded because of alignment score : 650754
[2026-06-11 21:04:17.532] [jointLog] [info] Number of fragments entirely discarded because of alignment score : 571343
[2026-06-11 21:04:17.532] [jointLog] [info] Number of fragments discarded because they are best-mapped to decoys : 0
[2026-06-11 21:04:17.532] [jointLog] [info] Number of fragments discarded because they have only dovetail (discordant) mappings to valid targets : 29448
[2026-06-11 21:04:17.532] [jointLog] [warning] Only 4570606 fragments were mapped, but the number of burn-in fragments was set to 5000000.
The effective lengths have been computed using the observed mappings.

[2026-06-11 21:04:17.532] [jointLog] [info] Mapping rate = 70.6169%

[2026-06-11 21:04:17.532] [jointLog] [info] finished quantifyLibrary()
[2026-06-11 21:04:17.540] [jointLog] [info] Starting optimizer
[2026-06-11 21:04:17.542] [jointLog] [info] Marked 0 weighted equivalence classes as degenerate
[2026-06-11 21:04:17.543] [jointLog] [info] iteration = 0 | max rel diff. = 2590.46
[2026-06-11 21:04:17.559] [jointLog] [info] iteration = 100 | max rel diff. = 0.00312962
[2026-06-11 21:04:17.559] [jointLog] [info] Finished optimizer
[2026-06-11 21:04:17.559] [jointLog] [info] writing output 

[2026-06-11 21:04:17.531] [fileLog] [info] 
At end of round 0
==================
Observed 6472400 total fragments (6472400 in most recent round)

