[2026-06-11 21:33:15.813] [jointLog] [info] setting maxHashResizeThreads to 4
[2026-06-11 21:33:15.813] [jointLog] [info] Fragment incompatibility prior below threshold.  Incompatible fragments will be ignored.
[2026-06-11 21:33:15.813] [jointLog] [info] Usage of --validateMappings implies use of minScoreFraction. Since not explicitly specified, it is being set to 0.65
[2026-06-11 21:33:15.813] [jointLog] [info] Setting consensusSlack to selective-alignment default of 0.35.
[2026-06-11 21:33:15.813] [jointLog] [info] parsing read library format
[2026-06-11 21:33:15.813] [jointLog] [info] There is 1 library.
[2026-06-11 21:33:15.837] [jointLog] [info] Loading pufferfish index
[2026-06-11 21:33:15.840] [jointLog] [info] Loading dense pufferfish index.
[2026-06-11 21:33:16.103] [jointLog] [info] done
[2026-06-11 21:33:16.168] [jointLog] [info] Index contained 4057 targets
[2026-06-11 21:33:16.169] [jointLog] [info] Number of decoys : 0
[2026-06-11 21:33:16.649] [jointLog] [info] Automatically detected most likely library type as ISR

[2026-06-11 21:33:57.581] [jointLog] [info] Thread saw mini-batch with a maximum of 8.58% zero probability fragments
[2026-06-11 21:33:57.581] [jointLog] [info] Thread saw mini-batch with a maximum of 8.62% zero probability fragments
[2026-06-11 21:33:57.586] [jointLog] [info] Thread saw mini-batch with a maximum of 8.48% zero probability fragments
[2026-06-11 21:33:57.595] [jointLog] [info] Thread saw mini-batch with a maximum of 8.62% zero probability fragments
[2026-06-11 21:33:57.607] [jointLog] [info] Computed 6713 rich equivalence classes for further processing
[2026-06-11 21:33:57.607] [jointLog] [info] Counted 6281744 total reads in the equivalence classes 
[2026-06-11 21:33:57.610] [jointLog] [warning] 0.000496678% of fragments were shorter than the k used to build the index.
If this fraction is too large, consider re-building the index with a smaller k.
The minimum read size found was 30.


[2026-06-11 21:33:57.610] [jointLog] [info] Number of mappings discarded because of alignment score : 870752
[2026-06-11 21:33:57.610] [jointLog] [info] Number of fragments entirely discarded because of alignment score : 781853
[2026-06-11 21:33:57.610] [jointLog] [info] Number of fragments discarded because they are best-mapped to decoys : 0
[2026-06-11 21:33:57.610] [jointLog] [info] Number of fragments discarded because they have only dovetail (discordant) mappings to valid targets : 39500
[2026-06-11 21:33:57.610] [jointLog] [info] Mapping rate = 74.2859%

[2026-06-11 21:33:57.610] [jointLog] [info] finished quantifyLibrary()
[2026-06-11 21:33:57.618] [jointLog] [info] Starting optimizer
[2026-06-11 21:33:57.621] [jointLog] [info] Marked 0 weighted equivalence classes as degenerate
[2026-06-11 21:33:57.622] [jointLog] [info] iteration = 0 | max rel diff. = 2668.99
[2026-06-11 21:33:57.644] [jointLog] [info] iteration = 100 | max rel diff. = 0.00249279
[2026-06-11 21:33:57.644] [jointLog] [info] Finished optimizer
[2026-06-11 21:33:57.644] [jointLog] [info] writing output 

[2026-06-11 21:33:57.608] [fileLog] [info] 
At end of round 0
==================
Observed 8456177 total fragments (8456177 in most recent round)

