[2026-06-11 21:22:26.965] [jointLog] [info] setting maxHashResizeThreads to 4
[2026-06-11 21:22:26.965] [jointLog] [info] Fragment incompatibility prior below threshold.  Incompatible fragments will be ignored.
[2026-06-11 21:22:26.966] [jointLog] [info] Usage of --validateMappings implies use of minScoreFraction. Since not explicitly specified, it is being set to 0.65
[2026-06-11 21:22:26.966] [jointLog] [info] Setting consensusSlack to selective-alignment default of 0.35.
[2026-06-11 21:22:26.966] [jointLog] [info] parsing read library format
[2026-06-11 21:22:26.966] [jointLog] [info] There is 1 library.
[2026-06-11 21:22:26.981] [jointLog] [info] Loading pufferfish index
[2026-06-11 21:22:26.985] [jointLog] [info] Loading dense pufferfish index.
[2026-06-11 21:22:27.163] [jointLog] [info] done
[2026-06-11 21:22:27.217] [jointLog] [info] Index contained 4057 targets
[2026-06-11 21:22:27.217] [jointLog] [info] Number of decoys : 0
[2026-06-11 21:22:27.651] [jointLog] [info] Automatically detected most likely library type as ISR

[2026-06-11 21:23:00.374] [jointLog] [info] Thread saw mini-batch with a maximum of 9.16% zero probability fragments
[2026-06-11 21:23:00.375] [jointLog] [info] Thread saw mini-batch with a maximum of 8.80% zero probability fragments
[2026-06-11 21:23:00.379] [jointLog] [info] Thread saw mini-batch with a maximum of 8.94% zero probability fragments
[2026-06-11 21:23:00.388] [jointLog] [info] Thread saw mini-batch with a maximum of 9.12% zero probability fragments
[2026-06-11 21:23:00.398] [jointLog] [info] Computed 6516 rich equivalence classes for further processing
[2026-06-11 21:23:00.398] [jointLog] [info] Counted 4841755 total reads in the equivalence classes 
[2026-06-11 21:23:00.399] [jointLog] [warning] 0.000575926% of fragments were shorter than the k used to build the index.
If this fraction is too large, consider re-building the index with a smaller k.
The minimum read size found was 30.


[2026-06-11 21:23:00.399] [jointLog] [info] Number of mappings discarded because of alignment score : 700789
[2026-06-11 21:23:00.399] [jointLog] [info] Number of fragments entirely discarded because of alignment score : 618760
[2026-06-11 21:23:00.399] [jointLog] [info] Number of fragments discarded because they are best-mapped to decoys : 0
[2026-06-11 21:23:00.399] [jointLog] [info] Number of fragments discarded because they have only dovetail (discordant) mappings to valid targets : 25791
[2026-06-11 21:23:00.400] [jointLog] [warning] Only 4841755 fragments were mapped, but the number of burn-in fragments was set to 5000000.
The effective lengths have been computed using the observed mappings.

[2026-06-11 21:23:00.400] [jointLog] [info] Mapping rate = 73.3813%

[2026-06-11 21:23:00.400] [jointLog] [info] finished quantifyLibrary()
[2026-06-11 21:23:00.406] [jointLog] [info] Starting optimizer
[2026-06-11 21:23:00.407] [jointLog] [info] Marked 0 weighted equivalence classes as degenerate
[2026-06-11 21:23:00.407] [jointLog] [info] iteration = 0 | max rel diff. = 39076.9
[2026-06-11 21:23:00.425] [jointLog] [info] iteration = 100 | max rel diff. = 0.00390628
[2026-06-11 21:23:00.425] [jointLog] [info] Finished optimizer
[2026-06-11 21:23:00.425] [jointLog] [info] writing output 

[2026-06-11 21:23:00.398] [fileLog] [info] 
At end of round 0
==================
Observed 6598074 total fragments (6598074 in most recent round)

