[2026-06-11 17:02:14.187] [jointLog] [info] setting maxHashResizeThreads to 4
[2026-06-11 17:02:14.187] [jointLog] [info] Fragment incompatibility prior below threshold.  Incompatible fragments will be ignored.
[2026-06-11 17:02:14.187] [jointLog] [info] Usage of --validateMappings implies use of minScoreFraction. Since not explicitly specified, it is being set to 0.65
[2026-06-11 17:02:14.187] [jointLog] [info] Setting consensusSlack to selective-alignment default of 0.35.
[2026-06-11 17:02:14.187] [jointLog] [info] parsing read library format
[2026-06-11 17:02:14.187] [jointLog] [info] There is 1 library.
[2026-06-11 17:02:14.197] [jointLog] [info] Loading pufferfish index
[2026-06-11 17:02:14.202] [jointLog] [info] Loading dense pufferfish index.
[2026-06-11 17:02:14.512] [jointLog] [info] done
[2026-06-11 17:02:14.580] [jointLog] [info] Index contained 4057 targets
[2026-06-11 17:02:14.580] [jointLog] [info] Number of decoys : 0
[2026-06-11 17:02:15.369] [jointLog] [info] Automatically detected most likely library type as ISR

[2026-06-11 17:03:19.385] [fileLog] [info] 
At end of round 0
==================
Observed 7768597 total fragments (7768597 in most recent round)

[2026-06-11 17:03:19.343] [jointLog] [info] Thread saw mini-batch with a maximum of 10.08% zero probability fragments
[2026-06-11 17:03:19.343] [jointLog] [info] Thread saw mini-batch with a maximum of 9.94% zero probability fragments
[2026-06-11 17:03:19.347] [jointLog] [info] Thread saw mini-batch with a maximum of 10.02% zero probability fragments
[2026-06-11 17:03:19.368] [jointLog] [info] Thread saw mini-batch with a maximum of 10.32% zero probability fragments
[2026-06-11 17:03:19.385] [jointLog] [info] Computed 7323 rich equivalence classes for further processing
[2026-06-11 17:03:19.385] [jointLog] [info] Counted 5758054 total reads in the equivalence classes 
[2026-06-11 17:03:19.387] [jointLog] [warning] 0.000360425% of fragments were shorter than the k used to build the index.
If this fraction is too large, consider re-building the index with a smaller k.
The minimum read size found was 30.


[2026-06-11 17:03:19.387] [jointLog] [info] Number of mappings discarded because of alignment score : 1020529
[2026-06-11 17:03:19.387] [jointLog] [info] Number of fragments entirely discarded because of alignment score : 937348
[2026-06-11 17:03:19.387] [jointLog] [info] Number of fragments discarded because they are best-mapped to decoys : 0
[2026-06-11 17:03:19.387] [jointLog] [info] Number of fragments discarded because they have only dovetail (discordant) mappings to valid targets : 21560
[2026-06-11 17:03:19.387] [jointLog] [info] Mapping rate = 74.1196%

[2026-06-11 17:03:19.387] [jointLog] [info] finished quantifyLibrary()
[2026-06-11 17:03:19.396] [jointLog] [info] Starting optimizer
[2026-06-11 17:03:19.398] [jointLog] [info] Marked 0 weighted equivalence classes as degenerate
[2026-06-11 17:03:19.399] [jointLog] [info] iteration = 0 | max rel diff. = 7644.55
[2026-06-11 17:03:19.429] [jointLog] [info] iteration = 100 | max rel diff. = 0.00233643
[2026-06-11 17:03:19.429] [jointLog] [info] Finished optimizer
[2026-06-11 17:03:19.429] [jointLog] [info] writing output 

