[2026-06-11 15:15:01.808] [jointLog] [info] setting maxHashResizeThreads to 4
[2026-06-11 15:15:01.808] [jointLog] [info] Fragment incompatibility prior below threshold.  Incompatible fragments will be ignored.
[2026-06-11 15:15:01.808] [jointLog] [info] Usage of --validateMappings implies use of minScoreFraction. Since not explicitly specified, it is being set to 0.65
[2026-06-11 15:15:01.808] [jointLog] [info] Setting consensusSlack to selective-alignment default of 0.35.
[2026-06-11 15:15:01.808] [jointLog] [info] parsing read library format
[2026-06-11 15:15:01.808] [jointLog] [info] There is 1 library.
[2026-06-11 15:15:01.823] [jointLog] [info] Loading pufferfish index
[2026-06-11 15:15:01.830] [jointLog] [info] Loading dense pufferfish index.
[2026-06-11 15:15:02.106] [jointLog] [info] done
[2026-06-11 15:15:02.232] [jointLog] [info] Index contained 4057 targets
[2026-06-11 15:15:02.233] [jointLog] [info] Number of decoys : 0
[2026-06-11 15:15:02.459] [jointLog] [info] Automatically detected most likely library type as ISR

[2026-06-11 15:16:58.986] [fileLog] [info] 
At end of round 0
==================
Observed 9524492 total fragments (9524492 in most recent round)

[2026-06-11 15:16:58.876] [jointLog] [info] Thread saw mini-batch with a maximum of 17.66% zero probability fragments
[2026-06-11 15:16:58.876] [jointLog] [info] Thread saw mini-batch with a maximum of 17.26% zero probability fragments
[2026-06-11 15:16:58.923] [jointLog] [info] Thread saw mini-batch with a maximum of 17.66% zero probability fragments
[2026-06-11 15:16:58.964] [jointLog] [info] Thread saw mini-batch with a maximum of 17.34% zero probability fragments
[2026-06-11 15:16:58.986] [jointLog] [info] Computed 4915 rich equivalence classes for further processing
[2026-06-11 15:16:58.986] [jointLog] [info] Counted 7567986 total reads in the equivalence classes 
[2026-06-11 15:16:58.990] [jointLog] [warning] 0.000661453% of fragments were shorter than the k used to build the index.
If this fraction is too large, consider re-building the index with a smaller k.
The minimum read size found was 30.


[2026-06-11 15:16:58.990] [jointLog] [info] Number of mappings discarded because of alignment score : 898351
[2026-06-11 15:16:58.990] [jointLog] [info] Number of fragments entirely discarded because of alignment score : 207621
[2026-06-11 15:16:58.990] [jointLog] [info] Number of fragments discarded because they are best-mapped to decoys : 0
[2026-06-11 15:16:58.990] [jointLog] [info] Number of fragments discarded because they have only dovetail (discordant) mappings to valid targets : 70601
[2026-06-11 15:16:58.990] [jointLog] [info] Mapping rate = 79.4582%

[2026-06-11 15:16:58.990] [jointLog] [info] finished quantifyLibrary()
[2026-06-11 15:16:58.998] [jointLog] [info] Starting optimizer
[2026-06-11 15:16:59.001] [jointLog] [info] Marked 0 weighted equivalence classes as degenerate
[2026-06-11 15:16:59.002] [jointLog] [info] iteration = 0 | max rel diff. = 91408.7
[2026-06-11 15:16:59.045] [jointLog] [info] iteration = 100 | max rel diff. = 0.00108357
[2026-06-11 15:16:59.045] [jointLog] [info] Finished optimizer
[2026-06-11 15:16:59.045] [jointLog] [info] writing output 

