[2026-06-11 23:35:11.949] [jointLog] [info] setting maxHashResizeThreads to 4
[2026-06-11 23:35:11.949] [jointLog] [info] Fragment incompatibility prior below threshold.  Incompatible fragments will be ignored.
[2026-06-11 23:35:11.949] [jointLog] [info] Usage of --validateMappings implies use of minScoreFraction. Since not explicitly specified, it is being set to 0.65
[2026-06-11 23:35:11.949] [jointLog] [info] Setting consensusSlack to selective-alignment default of 0.35.
[2026-06-11 23:35:11.949] [jointLog] [info] parsing read library format
[2026-06-11 23:35:11.949] [jointLog] [info] There is 1 library.
[2026-06-11 23:35:11.962] [jointLog] [info] Loading pufferfish index
[2026-06-11 23:35:11.966] [jointLog] [info] Loading dense pufferfish index.
[2026-06-11 23:35:12.244] [jointLog] [info] done
[2026-06-11 23:35:12.330] [jointLog] [info] Index contained 4057 targets
[2026-06-11 23:35:12.330] [jointLog] [info] Number of decoys : 0
[2026-06-11 23:35:13.083] [jointLog] [info] Automatically detected most likely library type as ISR

[2026-06-11 23:35:55.472] [jointLog] [info] Thread saw mini-batch with a maximum of 9.90% zero probability fragments
[2026-06-11 23:35:55.472] [jointLog] [info] Thread saw mini-batch with a maximum of 9.80% zero probability fragments
[2026-06-11 23:35:55.472] [jointLog] [info] Thread saw mini-batch with a maximum of 9.80% zero probability fragments
[2026-06-11 23:35:55.488] [jointLog] [info] Thread saw mini-batch with a maximum of 10.18% zero probability fragments
[2026-06-11 23:35:55.497] [jointLog] [info] Computed 8076 rich equivalence classes for further processing
[2026-06-11 23:35:55.497] [jointLog] [info] Counted 6037705 total reads in the equivalence classes 
[2026-06-11 23:35:55.499] [jointLog] [warning] 0.000505985% of fragments were shorter than the k used to build the index.
If this fraction is too large, consider re-building the index with a smaller k.
The minimum read size found was 30.


[2026-06-11 23:35:55.499] [jointLog] [info] Number of mappings discarded because of alignment score : 1108366
[2026-06-11 23:35:55.499] [jointLog] [info] Number of fragments entirely discarded because of alignment score : 956493
[2026-06-11 23:35:55.499] [jointLog] [info] Number of fragments discarded because they are best-mapped to decoys : 0
[2026-06-11 23:35:55.499] [jointLog] [info] Number of fragments discarded because they have only dovetail (discordant) mappings to valid targets : 51503
[2026-06-11 23:35:55.499] [jointLog] [info] Mapping rate = 76.3747%

[2026-06-11 23:35:55.499] [jointLog] [info] finished quantifyLibrary()
[2026-06-11 23:35:55.507] [jointLog] [info] Starting optimizer
[2026-06-11 23:35:55.509] [jointLog] [info] Marked 0 weighted equivalence classes as degenerate
[2026-06-11 23:35:55.509] [jointLog] [info] iteration = 0 | max rel diff. = 5234.49
[2026-06-11 23:35:55.532] [jointLog] [info] iteration = 100 | max rel diff. = 0.000464275
[2026-06-11 23:35:55.532] [jointLog] [info] Finished optimizer
[2026-06-11 23:35:55.532] [jointLog] [info] writing output 

[2026-06-11 23:35:55.498] [fileLog] [info] 
At end of round 0
==================
Observed 7905376 total fragments (7905376 in most recent round)

