[2026-06-11 15:20:29.153] [jointLog] [info] setting maxHashResizeThreads to 4
[2026-06-11 15:20:29.153] [jointLog] [info] Fragment incompatibility prior below threshold.  Incompatible fragments will be ignored.
[2026-06-11 15:20:29.153] [jointLog] [info] Usage of --validateMappings implies use of minScoreFraction. Since not explicitly specified, it is being set to 0.65
[2026-06-11 15:20:29.153] [jointLog] [info] Setting consensusSlack to selective-alignment default of 0.35.
[2026-06-11 15:20:29.153] [jointLog] [info] parsing read library format
[2026-06-11 15:20:29.153] [jointLog] [info] There is 1 library.
[2026-06-11 15:20:29.170] [jointLog] [info] Loading pufferfish index
[2026-06-11 15:20:29.176] [jointLog] [info] Loading dense pufferfish index.
[2026-06-11 15:20:29.522] [jointLog] [info] done
[2026-06-11 15:20:29.640] [jointLog] [info] Index contained 4057 targets
[2026-06-11 15:20:29.641] [jointLog] [info] Number of decoys : 0
[2026-06-11 15:20:29.785] [jointLog] [info] Automatically detected most likely library type as ISR

[2026-06-11 15:22:21.327] [jointLog] [info] Thread saw mini-batch with a maximum of 12.22% zero probability fragments
[2026-06-11 15:22:21.328] [jointLog] [info] Thread saw mini-batch with a maximum of 12.14% zero probability fragments
[2026-06-11 15:22:21.365] [jointLog] [info] Thread saw mini-batch with a maximum of 11.76% zero probability fragments
[2026-06-11 15:22:21.385] [jointLog] [info] Thread saw mini-batch with a maximum of 11.90% zero probability fragments
[2026-06-11 15:22:21.404] [jointLog] [info] Computed 7289 rich equivalence classes for further processing
[2026-06-11 15:22:21.404] [jointLog] [info] Counted 7430146 total reads in the equivalence classes 
[2026-06-11 15:22:21.408] [jointLog] [warning] 0.00058732% of fragments were shorter than the k used to build the index.
If this fraction is too large, consider re-building the index with a smaller k.
The minimum read size found was 30.


[2026-06-11 15:22:21.408] [jointLog] [info] Number of mappings discarded because of alignment score : 1280439
[2026-06-11 15:22:21.408] [jointLog] [info] Number of fragments entirely discarded because of alignment score : 407032
[2026-06-11 15:22:21.408] [jointLog] [info] Number of fragments discarded because they are best-mapped to decoys : 0
[2026-06-11 15:22:21.408] [jointLog] [info] Number of fragments discarded because they have only dovetail (discordant) mappings to valid targets : 124886
[2026-06-11 15:22:21.408] [jointLog] [info] Mapping rate = 83.9206%

[2026-06-11 15:22:21.408] [jointLog] [info] finished quantifyLibrary()
[2026-06-11 15:22:21.419] [jointLog] [info] Starting optimizer
[2026-06-11 15:22:21.422] [jointLog] [info] Marked 0 weighted equivalence classes as degenerate
[2026-06-11 15:22:21.423] [jointLog] [info] iteration = 0 | max rel diff. = 26424.7
[2026-06-11 15:22:21.490] [jointLog] [info] iteration = 100 | max rel diff. = 0.00179343
[2026-06-11 15:22:21.490] [jointLog] [info] Finished optimizer
[2026-06-11 15:22:21.490] [jointLog] [info] writing output 

[2026-06-11 15:22:21.405] [fileLog] [info] 
At end of round 0
==================
Observed 8853784 total fragments (8853784 in most recent round)

