[2026-06-11 22:13:47.908] [jointLog] [info] setting maxHashResizeThreads to 4
[2026-06-11 22:13:47.908] [jointLog] [info] Fragment incompatibility prior below threshold.  Incompatible fragments will be ignored.
[2026-06-11 22:13:47.908] [jointLog] [info] Usage of --validateMappings implies use of minScoreFraction. Since not explicitly specified, it is being set to 0.65
[2026-06-11 22:13:47.908] [jointLog] [info] Setting consensusSlack to selective-alignment default of 0.35.
[2026-06-11 22:13:47.908] [jointLog] [info] parsing read library format
[2026-06-11 22:13:47.908] [jointLog] [info] There is 1 library.
[2026-06-11 22:13:47.921] [jointLog] [info] Loading pufferfish index
[2026-06-11 22:13:47.925] [jointLog] [info] Loading dense pufferfish index.
[2026-06-11 22:13:48.158] [jointLog] [info] done
[2026-06-11 22:13:48.218] [jointLog] [info] Index contained 4057 targets
[2026-06-11 22:13:48.219] [jointLog] [info] Number of decoys : 0
[2026-06-11 22:13:48.808] [jointLog] [info] Automatically detected most likely library type as ISR

[2026-06-11 22:14:22.248] [jointLog] [info] Thread saw mini-batch with a maximum of 9.32% zero probability fragments
[2026-06-11 22:14:22.248] [jointLog] [info] Thread saw mini-batch with a maximum of 9.48% zero probability fragments
[2026-06-11 22:14:22.251] [jointLog] [info] Thread saw mini-batch with a maximum of 9.56% zero probability fragments
[2026-06-11 22:14:22.253] [jointLog] [info] Thread saw mini-batch with a maximum of 9.78% zero probability fragments
[2026-06-11 22:14:22.262] [jointLog] [info] Computed 6732 rich equivalence classes for further processing
[2026-06-11 22:14:22.262] [jointLog] [info] Counted 4771603 total reads in the equivalence classes 
[2026-06-11 22:14:22.264] [jointLog] [warning] 0.000497141% of fragments were shorter than the k used to build the index.
If this fraction is too large, consider re-building the index with a smaller k.
The minimum read size found was 30.


[2026-06-11 22:14:22.264] [jointLog] [info] Number of mappings discarded because of alignment score : 730812
[2026-06-11 22:14:22.264] [jointLog] [info] Number of fragments entirely discarded because of alignment score : 660115
[2026-06-11 22:14:22.264] [jointLog] [info] Number of fragments discarded because they are best-mapped to decoys : 0
[2026-06-11 22:14:22.264] [jointLog] [info] Number of fragments discarded because they have only dovetail (discordant) mappings to valid targets : 27567
[2026-06-11 22:14:22.264] [jointLog] [warning] Only 4771603 fragments were mapped, but the number of burn-in fragments was set to 5000000.
The effective lengths have been computed using the observed mappings.

[2026-06-11 22:14:22.264] [jointLog] [info] Mapping rate = 74.13%

[2026-06-11 22:14:22.264] [jointLog] [info] finished quantifyLibrary()
[2026-06-11 22:14:22.280] [jointLog] [info] Starting optimizer
[2026-06-11 22:14:22.282] [jointLog] [info] Marked 0 weighted equivalence classes as degenerate
[2026-06-11 22:14:22.283] [jointLog] [info] iteration = 0 | max rel diff. = 2539.33
[2026-06-11 22:14:22.301] [jointLog] [info] iteration = 100 | max rel diff. = 0.00348757
[2026-06-11 22:14:22.301] [jointLog] [info] Finished optimizer
[2026-06-11 22:14:22.301] [jointLog] [info] writing output 

[2026-06-11 22:14:22.262] [fileLog] [info] 
At end of round 0
==================
Observed 6436800 total fragments (6436800 in most recent round)

