[2026-06-11 21:42:03.204] [jointLog] [info] setting maxHashResizeThreads to 4
[2026-06-11 21:42:03.204] [jointLog] [info] Fragment incompatibility prior below threshold.  Incompatible fragments will be ignored.
[2026-06-11 21:42:03.204] [jointLog] [info] Usage of --validateMappings implies use of minScoreFraction. Since not explicitly specified, it is being set to 0.65
[2026-06-11 21:42:03.204] [jointLog] [info] Setting consensusSlack to selective-alignment default of 0.35.
[2026-06-11 21:42:03.204] [jointLog] [info] parsing read library format
[2026-06-11 21:42:03.204] [jointLog] [info] There is 1 library.
[2026-06-11 21:42:03.220] [jointLog] [info] Loading pufferfish index
[2026-06-11 21:42:03.224] [jointLog] [info] Loading dense pufferfish index.
[2026-06-11 21:42:03.436] [jointLog] [info] done
[2026-06-11 21:42:03.493] [jointLog] [info] Index contained 4057 targets
[2026-06-11 21:42:03.493] [jointLog] [info] Number of decoys : 0
[2026-06-11 21:42:04.005] [jointLog] [info] Automatically detected most likely library type as ISR

[2026-06-11 21:42:38.544] [jointLog] [info] Thread saw mini-batch with a maximum of 10.66% zero probability fragments
[2026-06-11 21:42:38.544] [jointLog] [info] Thread saw mini-batch with a maximum of 10.56% zero probability fragments
[2026-06-11 21:42:38.549] [jointLog] [info] Thread saw mini-batch with a maximum of 10.66% zero probability fragments
[2026-06-11 21:42:38.556] [jointLog] [info] Thread saw mini-batch with a maximum of 10.44% zero probability fragments
[2026-06-11 21:42:38.565] [jointLog] [info] Computed 5934 rich equivalence classes for further processing
[2026-06-11 21:42:38.565] [jointLog] [info] Counted 4468446 total reads in the equivalence classes 
[2026-06-11 21:42:38.567] [jointLog] [warning] 0.000604451% of fragments were shorter than the k used to build the index.
If this fraction is too large, consider re-building the index with a smaller k.
The minimum read size found was 30.


[2026-06-11 21:42:38.567] [jointLog] [info] Number of mappings discarded because of alignment score : 700012
[2026-06-11 21:42:38.567] [jointLog] [info] Number of fragments entirely discarded because of alignment score : 631738
[2026-06-11 21:42:38.567] [jointLog] [info] Number of fragments discarded because they are best-mapped to decoys : 0
[2026-06-11 21:42:38.567] [jointLog] [info] Number of fragments discarded because they have only dovetail (discordant) mappings to valid targets : 38393
[2026-06-11 21:42:38.567] [jointLog] [warning] Only 4468446 fragments were mapped, but the number of burn-in fragments was set to 5000000.
The effective lengths have been computed using the observed mappings.

[2026-06-11 21:42:38.567] [jointLog] [info] Mapping rate = 71.0778%

[2026-06-11 21:42:38.567] [jointLog] [info] finished quantifyLibrary()
[2026-06-11 21:42:38.573] [jointLog] [info] Starting optimizer
[2026-06-11 21:42:38.575] [jointLog] [info] Marked 0 weighted equivalence classes as degenerate
[2026-06-11 21:42:38.575] [jointLog] [info] iteration = 0 | max rel diff. = 4951.25
[2026-06-11 21:42:38.592] [jointLog] [info] iteration = 100 | max rel diff. = 0.00851143
[2026-06-11 21:42:38.592] [jointLog] [info] Finished optimizer
[2026-06-11 21:42:38.592] [jointLog] [info] writing output 

[2026-06-11 21:42:38.566] [fileLog] [info] 
At end of round 0
==================
Observed 6286697 total fragments (6286697 in most recent round)

