[2026-06-11 20:23:01.635] [jointLog] [info] setting maxHashResizeThreads to 4
[2026-06-11 20:23:01.635] [jointLog] [info] Fragment incompatibility prior below threshold.  Incompatible fragments will be ignored.
[2026-06-11 20:23:01.636] [jointLog] [info] Usage of --validateMappings implies use of minScoreFraction. Since not explicitly specified, it is being set to 0.65
[2026-06-11 20:23:01.636] [jointLog] [info] Setting consensusSlack to selective-alignment default of 0.35.
[2026-06-11 20:23:01.636] [jointLog] [info] parsing read library format
[2026-06-11 20:23:01.638] [jointLog] [info] There is 1 library.
[2026-06-11 20:23:01.663] [jointLog] [info] Loading pufferfish index
[2026-06-11 20:23:01.668] [jointLog] [info] Loading dense pufferfish index.
[2026-06-11 20:23:01.876] [jointLog] [info] done
[2026-06-11 20:23:01.932] [jointLog] [info] Index contained 4057 targets
[2026-06-11 20:23:01.933] [jointLog] [info] Number of decoys : 0
[2026-06-11 20:23:02.502] [jointLog] [info] Automatically detected most likely library type as ISR

[2026-06-11 20:23:44.582] [fileLog] [info] 
At end of round 0
==================
Observed 7672171 total fragments (7672171 in most recent round)

[2026-06-11 20:23:44.563] [jointLog] [info] Thread saw mini-batch with a maximum of 10.84% zero probability fragments
[2026-06-11 20:23:44.563] [jointLog] [info] Thread saw mini-batch with a maximum of 10.68% zero probability fragments
[2026-06-11 20:23:44.572] [jointLog] [info] Thread saw mini-batch with a maximum of 11.14% zero probability fragments
[2026-06-11 20:23:44.572] [jointLog] [info] Thread saw mini-batch with a maximum of 10.86% zero probability fragments
[2026-06-11 20:23:44.582] [jointLog] [info] Computed 8106 rich equivalence classes for further processing
[2026-06-11 20:23:44.582] [jointLog] [info] Counted 5510533 total reads in the equivalence classes 
[2026-06-11 20:23:44.584] [jointLog] [warning] 0.00066474% of fragments were shorter than the k used to build the index.
If this fraction is too large, consider re-building the index with a smaller k.
The minimum read size found was 30.


[2026-06-11 20:23:44.584] [jointLog] [info] Number of mappings discarded because of alignment score : 1062842
[2026-06-11 20:23:44.584] [jointLog] [info] Number of fragments entirely discarded because of alignment score : 967393
[2026-06-11 20:23:44.584] [jointLog] [info] Number of fragments discarded because they are best-mapped to decoys : 0
[2026-06-11 20:23:44.584] [jointLog] [info] Number of fragments discarded because they have only dovetail (discordant) mappings to valid targets : 28561
[2026-06-11 20:23:44.584] [jointLog] [info] Mapping rate = 71.825%

[2026-06-11 20:23:44.584] [jointLog] [info] finished quantifyLibrary()
[2026-06-11 20:23:44.592] [jointLog] [info] Starting optimizer
[2026-06-11 20:23:44.594] [jointLog] [info] Marked 0 weighted equivalence classes as degenerate
[2026-06-11 20:23:44.594] [jointLog] [info] iteration = 0 | max rel diff. = 3911.28
[2026-06-11 20:23:44.612] [jointLog] [info] iteration = 100 | max rel diff. = 0.00222637
[2026-06-11 20:23:44.612] [jointLog] [info] Finished optimizer
[2026-06-11 20:23:44.612] [jointLog] [info] writing output 

