[2026-06-11 16:47:21.022] [jointLog] [info] setting maxHashResizeThreads to 4
[2026-06-11 16:47:21.022] [jointLog] [info] Fragment incompatibility prior below threshold.  Incompatible fragments will be ignored.
[2026-06-11 16:47:21.022] [jointLog] [info] Usage of --validateMappings implies use of minScoreFraction. Since not explicitly specified, it is being set to 0.65
[2026-06-11 16:47:21.022] [jointLog] [info] Setting consensusSlack to selective-alignment default of 0.35.
[2026-06-11 16:47:21.022] [jointLog] [info] parsing read library format
[2026-06-11 16:47:21.022] [jointLog] [info] There is 1 library.
[2026-06-11 16:47:21.037] [jointLog] [info] Loading pufferfish index
[2026-06-11 16:47:21.044] [jointLog] [info] Loading dense pufferfish index.
[2026-06-11 16:47:21.322] [jointLog] [info] done
[2026-06-11 16:47:21.395] [jointLog] [info] Index contained 4057 targets
[2026-06-11 16:47:21.396] [jointLog] [info] Number of decoys : 0
[2026-06-11 16:47:22.000] [jointLog] [info] Automatically detected most likely library type as ISR

[2026-06-11 16:48:40.997] [jointLog] [info] Thread saw mini-batch with a maximum of 11.46% zero probability fragments
[2026-06-11 16:48:40.997] [jointLog] [info] Thread saw mini-batch with a maximum of 10.84% zero probability fragments
[2026-06-11 16:48:40.997] [jointLog] [info] Thread saw mini-batch with a maximum of 11.10% zero probability fragments
[2026-06-11 16:48:41.023] [jointLog] [info] Thread saw mini-batch with a maximum of 10.84% zero probability fragments
[2026-06-11 16:48:41.048] [jointLog] [info] Computed 8033 rich equivalence classes for further processing
[2026-06-11 16:48:41.048] [jointLog] [info] Counted 5720035 total reads in the equivalence classes 
[2026-06-11 16:48:41.051] [jointLog] [warning] 0.000605748% of fragments were shorter than the k used to build the index.
If this fraction is too large, consider re-building the index with a smaller k.
The minimum read size found was 30.


[2026-06-11 16:48:41.051] [jointLog] [info] Number of mappings discarded because of alignment score : 1110185
[2026-06-11 16:48:41.051] [jointLog] [info] Number of fragments entirely discarded because of alignment score : 1008200
[2026-06-11 16:48:41.051] [jointLog] [info] Number of fragments discarded because they are best-mapped to decoys : 0
[2026-06-11 16:48:41.051] [jointLog] [info] Number of fragments discarded because they have only dovetail (discordant) mappings to valid targets : 24692
[2026-06-11 16:48:41.051] [jointLog] [info] Mapping rate = 72.1854%

[2026-06-11 16:48:41.051] [jointLog] [info] finished quantifyLibrary()
[2026-06-11 16:48:41.072] [jointLog] [info] Starting optimizer
[2026-06-11 16:48:41.076] [jointLog] [info] Marked 0 weighted equivalence classes as degenerate
[2026-06-11 16:48:41.077] [jointLog] [info] iteration = 0 | max rel diff. = 5977.59
[2026-06-11 16:48:41.109] [jointLog] [info] iteration = 100 | max rel diff. = 0.00248483
[2026-06-11 16:48:41.109] [jointLog] [info] Finished optimizer
[2026-06-11 16:48:41.109] [jointLog] [info] writing output 

[2026-06-11 16:48:41.049] [fileLog] [info] 
At end of round 0
==================
Observed 7924092 total fragments (7924092 in most recent round)

