[2026-06-11 22:05:15.517] [jointLog] [info] setting maxHashResizeThreads to 4
[2026-06-11 22:05:15.517] [jointLog] [info] Fragment incompatibility prior below threshold.  Incompatible fragments will be ignored.
[2026-06-11 22:05:15.517] [jointLog] [info] Usage of --validateMappings implies use of minScoreFraction. Since not explicitly specified, it is being set to 0.65
[2026-06-11 22:05:15.517] [jointLog] [info] Setting consensusSlack to selective-alignment default of 0.35.
[2026-06-11 22:05:15.517] [jointLog] [info] parsing read library format
[2026-06-11 22:05:15.518] [jointLog] [info] There is 1 library.
[2026-06-11 22:05:15.532] [jointLog] [info] Loading pufferfish index
[2026-06-11 22:05:15.537] [jointLog] [info] Loading dense pufferfish index.
[2026-06-11 22:05:15.813] [jointLog] [info] done
[2026-06-11 22:05:15.873] [jointLog] [info] Index contained 4057 targets
[2026-06-11 22:05:15.873] [jointLog] [info] Number of decoys : 0
[2026-06-11 22:05:16.289] [jointLog] [info] Automatically detected most likely library type as ISR

[2026-06-11 22:05:55.266] [jointLog] [info] Thread saw mini-batch with a maximum of 9.16% zero probability fragments
[2026-06-11 22:05:55.267] [jointLog] [info] Thread saw mini-batch with a maximum of 8.88% zero probability fragments
[2026-06-11 22:05:55.268] [jointLog] [info] Thread saw mini-batch with a maximum of 9.14% zero probability fragments
[2026-06-11 22:05:55.283] [jointLog] [info] Thread saw mini-batch with a maximum of 9.28% zero probability fragments
[2026-06-11 22:05:55.293] [jointLog] [info] Computed 6875 rich equivalence classes for further processing
[2026-06-11 22:05:55.293] [jointLog] [info] Counted 5751770 total reads in the equivalence classes 
[2026-06-11 22:05:55.295] [jointLog] [warning] 0.000706419% of fragments were shorter than the k used to build the index.
If this fraction is too large, consider re-building the index with a smaller k.
The minimum read size found was 30.


[2026-06-11 22:05:55.295] [jointLog] [info] Number of mappings discarded because of alignment score : 878038
[2026-06-11 22:05:55.295] [jointLog] [info] Number of fragments entirely discarded because of alignment score : 799828
[2026-06-11 22:05:55.295] [jointLog] [info] Number of fragments discarded because they are best-mapped to decoys : 0
[2026-06-11 22:05:55.295] [jointLog] [info] Number of fragments discarded because they have only dovetail (discordant) mappings to valid targets : 36317
[2026-06-11 22:05:55.295] [jointLog] [info] Mapping rate = 73.8757%

[2026-06-11 22:05:55.295] [jointLog] [info] finished quantifyLibrary()
[2026-06-11 22:05:55.303] [jointLog] [info] Starting optimizer
[2026-06-11 22:05:55.305] [jointLog] [info] Marked 0 weighted equivalence classes as degenerate
[2026-06-11 22:05:55.305] [jointLog] [info] iteration = 0 | max rel diff. = 25096.9
[2026-06-11 22:05:55.330] [jointLog] [info] iteration = 100 | max rel diff. = 0.00376325
[2026-06-11 22:05:55.330] [jointLog] [info] Finished optimizer
[2026-06-11 22:05:55.330] [jointLog] [info] writing output 

[2026-06-11 22:05:55.293] [fileLog] [info] 
At end of round 0
==================
Observed 7785744 total fragments (7785744 in most recent round)

