[2026-06-11 23:24:18.199] [jointLog] [info] setting maxHashResizeThreads to 4
[2026-06-11 23:24:18.199] [jointLog] [info] Fragment incompatibility prior below threshold.  Incompatible fragments will be ignored.
[2026-06-11 23:24:18.200] [jointLog] [info] Usage of --validateMappings implies use of minScoreFraction. Since not explicitly specified, it is being set to 0.65
[2026-06-11 23:24:18.200] [jointLog] [info] Setting consensusSlack to selective-alignment default of 0.35.
[2026-06-11 23:24:18.200] [jointLog] [info] parsing read library format
[2026-06-11 23:24:18.202] [jointLog] [info] There is 1 library.
[2026-06-11 23:24:18.220] [jointLog] [info] Loading pufferfish index
[2026-06-11 23:24:18.226] [jointLog] [info] Loading dense pufferfish index.
[2026-06-11 23:24:18.549] [jointLog] [info] done
[2026-06-11 23:24:18.613] [jointLog] [info] Index contained 4057 targets
[2026-06-11 23:24:18.614] [jointLog] [info] Number of decoys : 0
[2026-06-11 23:24:18.852] [jointLog] [info] Automatically detected most likely library type as ISR

[2026-06-11 23:25:04.392] [jointLog] [info] Thread saw mini-batch with a maximum of 13.82% zero probability fragments
[2026-06-11 23:25:04.392] [jointLog] [info] Thread saw mini-batch with a maximum of 13.88% zero probability fragments
[2026-06-11 23:25:04.411] [jointLog] [info] Thread saw mini-batch with a maximum of 14.00% zero probability fragments
[2026-06-11 23:25:04.418] [jointLog] [info] Thread saw mini-batch with a maximum of 14.12% zero probability fragments
[2026-06-11 23:25:04.428] [jointLog] [info] Computed 7637 rich equivalence classes for further processing
[2026-06-11 23:25:04.428] [jointLog] [info] Counted 6659667 total reads in the equivalence classes 
[2026-06-11 23:25:04.430] [jointLog] [warning] 0.000511143% of fragments were shorter than the k used to build the index.
If this fraction is too large, consider re-building the index with a smaller k.
The minimum read size found was 30.


[2026-06-11 23:25:04.430] [jointLog] [info] Number of mappings discarded because of alignment score : 881580
[2026-06-11 23:25:04.430] [jointLog] [info] Number of fragments entirely discarded because of alignment score : 551219
[2026-06-11 23:25:04.430] [jointLog] [info] Number of fragments discarded because they are best-mapped to decoys : 0
[2026-06-11 23:25:04.430] [jointLog] [info] Number of fragments discarded because they have only dovetail (discordant) mappings to valid targets : 48147
[2026-06-11 23:25:04.430] [jointLog] [info] Mapping rate = 79.1638%

[2026-06-11 23:25:04.430] [jointLog] [info] finished quantifyLibrary()
[2026-06-11 23:25:04.439] [jointLog] [info] Starting optimizer
[2026-06-11 23:25:04.441] [jointLog] [info] Marked 0 weighted equivalence classes as degenerate
[2026-06-11 23:25:04.441] [jointLog] [info] iteration = 0 | max rel diff. = 2845.17
[2026-06-11 23:25:04.466] [jointLog] [info] iteration = 100 | max rel diff. = 0.00120933
[2026-06-11 23:25:04.466] [jointLog] [info] Finished optimizer
[2026-06-11 23:25:04.466] [jointLog] [info] writing output 

[2026-06-11 23:25:04.428] [fileLog] [info] 
At end of round 0
==================
Observed 8412517 total fragments (8412517 in most recent round)

