[2026-06-11 18:56:39.417] [jointLog] [info] setting maxHashResizeThreads to 4
[2026-06-11 18:56:39.417] [jointLog] [info] Fragment incompatibility prior below threshold.  Incompatible fragments will be ignored.
[2026-06-11 18:56:39.417] [jointLog] [info] Usage of --validateMappings implies use of minScoreFraction. Since not explicitly specified, it is being set to 0.65
[2026-06-11 18:56:39.417] [jointLog] [info] Setting consensusSlack to selective-alignment default of 0.35.
[2026-06-11 18:56:39.417] [jointLog] [info] parsing read library format
[2026-06-11 18:56:39.417] [jointLog] [info] There is 1 library.
[2026-06-11 18:56:39.435] [jointLog] [info] Loading pufferfish index
[2026-06-11 18:56:39.440] [jointLog] [info] Loading dense pufferfish index.
[2026-06-11 18:56:39.660] [jointLog] [info] done
[2026-06-11 18:56:39.732] [jointLog] [info] Index contained 4057 targets
[2026-06-11 18:56:39.732] [jointLog] [info] Number of decoys : 0
[2026-06-11 18:56:40.223] [jointLog] [info] Automatically detected most likely library type as ISR

[2026-06-11 18:57:19.638] [jointLog] [info] Thread saw mini-batch with a maximum of 10.60% zero probability fragments
[2026-06-11 18:57:19.638] [jointLog] [info] Thread saw mini-batch with a maximum of 10.76% zero probability fragments
[2026-06-11 18:57:19.643] [jointLog] [info] Thread saw mini-batch with a maximum of 11.23% zero probability fragments
[2026-06-11 18:57:19.651] [jointLog] [info] Thread saw mini-batch with a maximum of 10.48% zero probability fragments
[2026-06-11 18:57:19.660] [jointLog] [info] Computed 7004 rich equivalence classes for further processing
[2026-06-11 18:57:19.660] [jointLog] [info] Counted 5318189 total reads in the equivalence classes 
[2026-06-11 18:57:19.662] [jointLog] [warning] 0.000445864% of fragments were shorter than the k used to build the index.
If this fraction is too large, consider re-building the index with a smaller k.
The minimum read size found was 30.


[2026-06-11 18:57:19.662] [jointLog] [info] Number of mappings discarded because of alignment score : 1042440
[2026-06-11 18:57:19.662] [jointLog] [info] Number of fragments entirely discarded because of alignment score : 939655
[2026-06-11 18:57:19.662] [jointLog] [info] Number of fragments discarded because they are best-mapped to decoys : 0
[2026-06-11 18:57:19.662] [jointLog] [info] Number of fragments discarded because they have only dovetail (discordant) mappings to valid targets : 39482
[2026-06-11 18:57:19.662] [jointLog] [info] Mapping rate = 71.8543%

[2026-06-11 18:57:19.662] [jointLog] [info] finished quantifyLibrary()
[2026-06-11 18:57:19.670] [jointLog] [info] Starting optimizer
[2026-06-11 18:57:19.671] [jointLog] [info] Marked 0 weighted equivalence classes as degenerate
[2026-06-11 18:57:19.672] [jointLog] [info] iteration = 0 | max rel diff. = 3907.01
[2026-06-11 18:57:19.689] [jointLog] [info] iteration = 100 | max rel diff. = 0.00292595
[2026-06-11 18:57:19.689] [jointLog] [info] Finished optimizer
[2026-06-11 18:57:19.689] [jointLog] [info] writing output 

[2026-06-11 18:57:19.661] [fileLog] [info] 
At end of round 0
==================
Observed 7401353 total fragments (7401353 in most recent round)

