[2026-06-12 01:21:16.695] [jointLog] [info] setting maxHashResizeThreads to 4
[2026-06-12 01:21:16.695] [jointLog] [info] Fragment incompatibility prior below threshold.  Incompatible fragments will be ignored.
[2026-06-12 01:21:16.695] [jointLog] [info] Usage of --validateMappings implies use of minScoreFraction. Since not explicitly specified, it is being set to 0.65
[2026-06-12 01:21:16.695] [jointLog] [info] Setting consensusSlack to selective-alignment default of 0.35.
[2026-06-12 01:21:16.695] [jointLog] [info] parsing read library format
[2026-06-12 01:21:16.695] [jointLog] [info] There is 1 library.
[2026-06-12 01:21:16.705] [jointLog] [info] Loading pufferfish index
[2026-06-12 01:21:16.708] [jointLog] [info] Loading dense pufferfish index.
[2026-06-12 01:21:16.827] [jointLog] [info] done
[2026-06-12 01:21:16.875] [jointLog] [info] Index contained 4057 targets
[2026-06-12 01:21:16.875] [jointLog] [info] Number of decoys : 0
[2026-06-12 01:21:17.360] [jointLog] [info] Automatically detected most likely library type as ISR

[2026-06-12 01:21:54.224] [jointLog] [info] Thread saw mini-batch with a maximum of 11.72% zero probability fragments
[2026-06-12 01:21:54.224] [jointLog] [info] Thread saw mini-batch with a maximum of 11.76% zero probability fragments
[2026-06-12 01:21:54.228] [jointLog] [info] Thread saw mini-batch with a maximum of 11.64% zero probability fragments
[2026-06-12 01:21:54.237] [jointLog] [info] Thread saw mini-batch with a maximum of 11.66% zero probability fragments
[2026-06-12 01:21:54.246] [jointLog] [info] Computed 7349 rich equivalence classes for further processing
[2026-06-12 01:21:54.246] [jointLog] [info] Counted 4375504 total reads in the equivalence classes 
[2026-06-12 01:21:54.248] [jointLog] [warning] 0.000465367% of fragments were shorter than the k used to build the index.
If this fraction is too large, consider re-building the index with a smaller k.
The minimum read size found was 30.


[2026-06-12 01:21:54.248] [jointLog] [info] Number of mappings discarded because of alignment score : 974051
[2026-06-12 01:21:54.248] [jointLog] [info] Number of fragments entirely discarded because of alignment score : 924474
[2026-06-12 01:21:54.248] [jointLog] [info] Number of fragments discarded because they are best-mapped to decoys : 0
[2026-06-12 01:21:54.248] [jointLog] [info] Number of fragments discarded because they have only dovetail (discordant) mappings to valid targets : 37338
[2026-06-12 01:21:54.248] [jointLog] [warning] Only 4375504 fragments were mapped, but the number of burn-in fragments was set to 5000000.
The effective lengths have been computed using the observed mappings.

[2026-06-12 01:21:54.248] [jointLog] [info] Mapping rate = 63.6317%

[2026-06-12 01:21:54.248] [jointLog] [info] finished quantifyLibrary()
[2026-06-12 01:21:54.255] [jointLog] [info] Starting optimizer
[2026-06-12 01:21:54.256] [jointLog] [info] Marked 0 weighted equivalence classes as degenerate
[2026-06-12 01:21:54.256] [jointLog] [info] iteration = 0 | max rel diff. = 27626.3
[2026-06-12 01:21:54.275] [jointLog] [info] iteration = 100 | max rel diff. = 0.00267276
[2026-06-12 01:21:54.275] [jointLog] [info] Finished optimizer
[2026-06-12 01:21:54.275] [jointLog] [info] writing output 

[2026-06-12 01:21:54.246] [fileLog] [info] 
At end of round 0
==================
Observed 6876294 total fragments (6876294 in most recent round)

