[2026-06-11 18:34:36.617] [jointLog] [info] setting maxHashResizeThreads to 4
[2026-06-11 18:34:36.617] [jointLog] [info] Fragment incompatibility prior below threshold.  Incompatible fragments will be ignored.
[2026-06-11 18:34:36.618] [jointLog] [info] Usage of --validateMappings implies use of minScoreFraction. Since not explicitly specified, it is being set to 0.65
[2026-06-11 18:34:36.618] [jointLog] [info] Setting consensusSlack to selective-alignment default of 0.35.
[2026-06-11 18:34:36.618] [jointLog] [info] parsing read library format
[2026-06-11 18:34:36.620] [jointLog] [info] There is 1 library.
[2026-06-11 18:34:36.631] [jointLog] [info] Loading pufferfish index
[2026-06-11 18:34:36.635] [jointLog] [info] Loading dense pufferfish index.
[2026-06-11 18:34:36.911] [jointLog] [info] done
[2026-06-11 18:34:36.997] [jointLog] [info] Index contained 4057 targets
[2026-06-11 18:34:36.998] [jointLog] [info] Number of decoys : 0
[2026-06-11 18:34:37.644] [jointLog] [info] Automatically detected most likely library type as ISR

[2026-06-11 18:35:25.682] [jointLog] [info] Thread saw mini-batch with a maximum of 10.22% zero probability fragments
[2026-06-11 18:35:25.682] [jointLog] [info] Thread saw mini-batch with a maximum of 10.36% zero probability fragments
[2026-06-11 18:35:25.688] [jointLog] [info] Thread saw mini-batch with a maximum of 10.26% zero probability fragments
[2026-06-11 18:35:25.691] [jointLog] [info] Thread saw mini-batch with a maximum of 10.54% zero probability fragments
[2026-06-11 18:35:25.701] [jointLog] [info] Computed 8014 rich equivalence classes for further processing
[2026-06-11 18:35:25.701] [jointLog] [info] Counted 6522737 total reads in the equivalence classes 
[2026-06-11 18:35:25.702] [jointLog] [warning] 0.000746234% of fragments were shorter than the k used to build the index.
If this fraction is too large, consider re-building the index with a smaller k.
The minimum read size found was 30.


[2026-06-11 18:35:25.702] [jointLog] [info] Number of mappings discarded because of alignment score : 1312948
[2026-06-11 18:35:25.702] [jointLog] [info] Number of fragments entirely discarded because of alignment score : 1229399
[2026-06-11 18:35:25.702] [jointLog] [info] Number of fragments discarded because they are best-mapped to decoys : 0
[2026-06-11 18:35:25.702] [jointLog] [info] Number of fragments discarded because they have only dovetail (discordant) mappings to valid targets : 30989
[2026-06-11 18:35:25.702] [jointLog] [info] Mapping rate = 71.5807%

[2026-06-11 18:35:25.702] [jointLog] [info] finished quantifyLibrary()
[2026-06-11 18:35:25.710] [jointLog] [info] Starting optimizer
[2026-06-11 18:35:25.711] [jointLog] [info] Marked 0 weighted equivalence classes as degenerate
[2026-06-11 18:35:25.711] [jointLog] [info] iteration = 0 | max rel diff. = 39092.7
[2026-06-11 18:35:25.730] [jointLog] [info] iteration = 100 | max rel diff. = 0.001663
[2026-06-11 18:35:25.730] [jointLog] [info] Finished optimizer
[2026-06-11 18:35:25.730] [jointLog] [info] writing output 

[2026-06-11 18:35:25.701] [fileLog] [info] 
At end of round 0
==================
Observed 9112419 total fragments (9112419 in most recent round)

