[2026-06-11 14:37:01.243] [jointLog] [info] setting maxHashResizeThreads to 4
[2026-06-11 14:37:01.243] [jointLog] [info] Fragment incompatibility prior below threshold.  Incompatible fragments will be ignored.
[2026-06-11 14:37:01.243] [jointLog] [info] Usage of --validateMappings implies use of minScoreFraction. Since not explicitly specified, it is being set to 0.65
[2026-06-11 14:37:01.243] [jointLog] [info] Setting consensusSlack to selective-alignment default of 0.35.
[2026-06-11 14:37:01.243] [jointLog] [info] parsing read library format
[2026-06-11 14:37:01.244] [jointLog] [info] There is 1 library.
[2026-06-11 14:37:01.253] [jointLog] [info] Loading pufferfish index
[2026-06-11 14:37:01.255] [jointLog] [info] Loading dense pufferfish index.
[2026-06-11 14:37:01.517] [jointLog] [info] done
[2026-06-11 14:37:01.678] [jointLog] [info] Index contained 4057 targets
[2026-06-11 14:37:01.680] [jointLog] [info] Number of decoys : 0
[2026-06-11 14:37:02.626] [jointLog] [info] Automatically detected most likely library type as ISR

[2026-06-11 14:38:29.879] [jointLog] [info] Thread saw mini-batch with a maximum of 10.94% zero probability fragments
[2026-06-11 14:38:29.879] [jointLog] [info] Thread saw mini-batch with a maximum of 10.54% zero probability fragments
[2026-06-11 14:38:29.890] [jointLog] [info] Thread saw mini-batch with a maximum of 11.22% zero probability fragments
[2026-06-11 14:38:29.898] [jointLog] [info] Thread saw mini-batch with a maximum of 10.76% zero probability fragments
[2026-06-11 14:38:29.919] [jointLog] [info] Computed 7627 rich equivalence classes for further processing
[2026-06-11 14:38:29.919] [jointLog] [info] Counted 4975938 total reads in the equivalence classes 
[2026-06-11 14:38:29.922] [jointLog] [warning] 0.000492324% of fragments were shorter than the k used to build the index.
If this fraction is too large, consider re-building the index with a smaller k.
The minimum read size found was 30.


[2026-06-11 14:38:29.922] [jointLog] [info] Number of mappings discarded because of alignment score : 1092014
[2026-06-11 14:38:29.922] [jointLog] [info] Number of fragments entirely discarded because of alignment score : 1042872
[2026-06-11 14:38:29.922] [jointLog] [info] Number of fragments discarded because they are best-mapped to decoys : 0
[2026-06-11 14:38:29.922] [jointLog] [info] Number of fragments discarded because they have only dovetail (discordant) mappings to valid targets : 36395
[2026-06-11 14:38:29.922] [jointLog] [warning] Only 4975938 fragments were mapped, but the number of burn-in fragments was set to 5000000.
The effective lengths have been computed using the observed mappings.

[2026-06-11 14:38:29.922] [jointLog] [info] Mapping rate = 62.8147%

[2026-06-11 14:38:29.922] [jointLog] [info] finished quantifyLibrary()
[2026-06-11 14:38:29.928] [jointLog] [info] Starting optimizer
[2026-06-11 14:38:29.931] [jointLog] [info] Marked 0 weighted equivalence classes as degenerate
[2026-06-11 14:38:29.931] [jointLog] [info] iteration = 0 | max rel diff. = 6487.17
[2026-06-11 14:38:29.919] [fileLog] [info] 
At end of round 0
==================
Observed 7921619 total fragments (7921619 in most recent round)

[2026-06-11 14:38:29.963] [jointLog] [info] iteration = 100 | max rel diff. = 0.00226158
[2026-06-11 14:38:29.963] [jointLog] [info] Finished optimizer
[2026-06-11 14:38:29.963] [jointLog] [info] writing output 

