[2026-06-11 22:22:09.079] [jointLog] [info] setting maxHashResizeThreads to 4
[2026-06-11 22:22:09.079] [jointLog] [info] Fragment incompatibility prior below threshold.  Incompatible fragments will be ignored.
[2026-06-11 22:22:09.079] [jointLog] [info] Usage of --validateMappings implies use of minScoreFraction. Since not explicitly specified, it is being set to 0.65
[2026-06-11 22:22:09.079] [jointLog] [info] Setting consensusSlack to selective-alignment default of 0.35.
[2026-06-11 22:22:09.079] [jointLog] [info] parsing read library format
[2026-06-11 22:22:09.079] [jointLog] [info] There is 1 library.
[2026-06-11 22:22:09.090] [jointLog] [info] Loading pufferfish index
[2026-06-11 22:22:09.093] [jointLog] [info] Loading dense pufferfish index.
[2026-06-11 22:22:09.298] [jointLog] [info] done
[2026-06-11 22:22:09.353] [jointLog] [info] Index contained 4057 targets
[2026-06-11 22:22:09.354] [jointLog] [info] Number of decoys : 0
[2026-06-11 22:22:09.742] [jointLog] [info] Automatically detected most likely library type as ISR

[2026-06-11 22:22:42.285] [jointLog] [info] Thread saw mini-batch with a maximum of 9.22% zero probability fragments
[2026-06-11 22:22:42.285] [jointLog] [info] Thread saw mini-batch with a maximum of 9.10% zero probability fragments
[2026-06-11 22:22:42.287] [jointLog] [info] Thread saw mini-batch with a maximum of 12.63% zero probability fragments
[2026-06-11 22:22:42.304] [jointLog] [info] Thread saw mini-batch with a maximum of 8.98% zero probability fragments
[2026-06-11 22:22:42.313] [jointLog] [info] Computed 6565 rich equivalence classes for further processing
[2026-06-11 22:22:42.313] [jointLog] [info] Counted 4729420 total reads in the equivalence classes 
[2026-06-11 22:22:42.316] [jointLog] [warning] 0.000704725% of fragments were shorter than the k used to build the index.
If this fraction is too large, consider re-building the index with a smaller k.
The minimum read size found was 30.


[2026-06-11 22:22:42.316] [jointLog] [info] Number of mappings discarded because of alignment score : 732458
[2026-06-11 22:22:42.316] [jointLog] [info] Number of fragments entirely discarded because of alignment score : 665727
[2026-06-11 22:22:42.316] [jointLog] [info] Number of fragments discarded because they are best-mapped to decoys : 0
[2026-06-11 22:22:42.316] [jointLog] [info] Number of fragments discarded because they have only dovetail (discordant) mappings to valid targets : 29725
[2026-06-11 22:22:42.316] [jointLog] [warning] Only 4729420 fragments were mapped, but the number of burn-in fragments was set to 5000000.
The effective lengths have been computed using the observed mappings.

[2026-06-11 22:22:42.316] [jointLog] [info] Mapping rate = 74.0654%

[2026-06-11 22:22:42.316] [jointLog] [info] finished quantifyLibrary()
[2026-06-11 22:22:42.324] [jointLog] [info] Starting optimizer
[2026-06-11 22:22:42.326] [jointLog] [info] Marked 0 weighted equivalence classes as degenerate
[2026-06-11 22:22:42.326] [jointLog] [info] iteration = 0 | max rel diff. = 9063
[2026-06-11 22:22:42.343] [jointLog] [info] iteration = 100 | max rel diff. = 0.00808492
[2026-06-11 22:22:42.343] [jointLog] [info] Finished optimizer
[2026-06-11 22:22:42.343] [jointLog] [info] writing output 

[2026-06-11 22:22:42.314] [fileLog] [info] 
At end of round 0
==================
Observed 6385467 total fragments (6385467 in most recent round)

