[2026-06-11 16:31:04.466] [jointLog] [info] setting maxHashResizeThreads to 4
[2026-06-11 16:31:04.466] [jointLog] [info] Fragment incompatibility prior below threshold.  Incompatible fragments will be ignored.
[2026-06-11 16:31:04.466] [jointLog] [info] Usage of --validateMappings implies use of minScoreFraction. Since not explicitly specified, it is being set to 0.65
[2026-06-11 16:31:04.466] [jointLog] [info] Setting consensusSlack to selective-alignment default of 0.35.
[2026-06-11 16:31:04.466] [jointLog] [info] parsing read library format
[2026-06-11 16:31:04.466] [jointLog] [info] There is 1 library.
[2026-06-11 16:31:04.479] [jointLog] [info] Loading pufferfish index
[2026-06-11 16:31:04.489] [jointLog] [info] Loading dense pufferfish index.
[2026-06-11 16:31:04.778] [jointLog] [info] done
[2026-06-11 16:31:04.834] [jointLog] [info] Index contained 4057 targets
[2026-06-11 16:31:04.835] [jointLog] [info] Number of decoys : 0
[2026-06-11 16:31:05.425] [jointLog] [info] Automatically detected most likely library type as ISR

[2026-06-11 16:33:15.601] [jointLog] [info] Thread saw mini-batch with a maximum of 10.98% zero probability fragments
[2026-06-11 16:33:15.602] [jointLog] [info] Thread saw mini-batch with a maximum of 11.22% zero probability fragments
[2026-06-11 16:33:15.615] [jointLog] [info] Thread saw mini-batch with a maximum of 11.22% zero probability fragments
[2026-06-11 16:33:15.616] [jointLog] [info] Thread saw mini-batch with a maximum of 11.22% zero probability fragments
[2026-06-11 16:33:15.639] [jointLog] [info] Computed 8306 rich equivalence classes for further processing
[2026-06-11 16:33:15.639] [jointLog] [info] Counted 6293589 total reads in the equivalence classes 
[2026-06-11 16:33:15.642] [jointLog] [warning] 0.000594483% of fragments were shorter than the k used to build the index.
If this fraction is too large, consider re-building the index with a smaller k.
The minimum read size found was 30.


[2026-06-11 16:33:15.642] [jointLog] [info] Number of mappings discarded because of alignment score : 1197197
[2026-06-11 16:33:15.642] [jointLog] [info] Number of fragments entirely discarded because of alignment score : 1091145
[2026-06-11 16:33:15.642] [jointLog] [info] Number of fragments discarded because they are best-mapped to decoys : 0
[2026-06-11 16:33:15.642] [jointLog] [info] Number of fragments discarded because they have only dovetail (discordant) mappings to valid targets : 35645
[2026-06-11 16:33:15.642] [jointLog] [info] Mapping rate = 71.9506%

[2026-06-11 16:33:15.642] [jointLog] [info] finished quantifyLibrary()
[2026-06-11 16:33:15.657] [jointLog] [info] Starting optimizer
[2026-06-11 16:33:15.661] [jointLog] [info] Marked 0 weighted equivalence classes as degenerate
[2026-06-11 16:33:15.661] [jointLog] [info] iteration = 0 | max rel diff. = 80081.4
[2026-06-11 16:33:15.639] [fileLog] [info] 
At end of round 0
==================
Observed 8747101 total fragments (8747101 in most recent round)

[2026-06-11 16:33:15.699] [jointLog] [info] iteration = 100 | max rel diff. = 0.00337453
[2026-06-11 16:33:15.699] [jointLog] [info] Finished optimizer
[2026-06-11 16:33:15.699] [jointLog] [info] writing output 

