[2026-06-11 17:56:41.358] [jointLog] [info] setting maxHashResizeThreads to 4
[2026-06-11 17:56:41.358] [jointLog] [info] Fragment incompatibility prior below threshold.  Incompatible fragments will be ignored.
[2026-06-11 17:56:41.358] [jointLog] [info] Usage of --validateMappings implies use of minScoreFraction. Since not explicitly specified, it is being set to 0.65
[2026-06-11 17:56:41.358] [jointLog] [info] Setting consensusSlack to selective-alignment default of 0.35.
[2026-06-11 17:56:41.358] [jointLog] [info] parsing read library format
[2026-06-11 17:56:41.359] [jointLog] [info] There is 1 library.
[2026-06-11 17:56:41.389] [jointLog] [info] Loading pufferfish index
[2026-06-11 17:56:41.396] [jointLog] [info] Loading dense pufferfish index.
[2026-06-11 17:56:41.986] [jointLog] [info] done
[2026-06-11 17:56:42.123] [jointLog] [info] Index contained 4057 targets
[2026-06-11 17:56:42.124] [jointLog] [info] Number of decoys : 0
[2026-06-11 17:56:43.567] [jointLog] [info] Automatically detected most likely library type as ISR

[2026-06-11 17:58:04.392] [jointLog] [info] Thread saw mini-batch with a maximum of 10.66% zero probability fragments
[2026-06-11 17:58:04.392] [jointLog] [info] Thread saw mini-batch with a maximum of 10.86% zero probability fragments
[2026-06-11 17:58:04.406] [jointLog] [info] Thread saw mini-batch with a maximum of 10.72% zero probability fragments
[2026-06-11 17:58:04.406] [jointLog] [info] Thread saw mini-batch with a maximum of 10.84% zero probability fragments
[2026-06-11 17:58:04.423] [jointLog] [info] Computed 7518 rich equivalence classes for further processing
[2026-06-11 17:58:04.423] [jointLog] [info] Counted 5321647 total reads in the equivalence classes 
[2026-06-11 17:58:04.425] [jointLog] [warning] 0.00073491% of fragments were shorter than the k used to build the index.
If this fraction is too large, consider re-building the index with a smaller k.
The minimum read size found was 30.


[2026-06-11 17:58:04.425] [jointLog] [info] Number of mappings discarded because of alignment score : 943185
[2026-06-11 17:58:04.425] [jointLog] [info] Number of fragments entirely discarded because of alignment score : 867493
[2026-06-11 17:58:04.425] [jointLog] [info] Number of fragments discarded because they are best-mapped to decoys : 0
[2026-06-11 17:58:04.425] [jointLog] [info] Number of fragments discarded because they have only dovetail (discordant) mappings to valid targets : 20807
[2026-06-11 17:58:04.425] [jointLog] [info] Mapping rate = 73.7912%

[2026-06-11 17:58:04.425] [jointLog] [info] finished quantifyLibrary()
[2026-06-11 17:58:04.463] [jointLog] [info] Starting optimizer
[2026-06-11 17:58:04.467] [jointLog] [info] Marked 0 weighted equivalence classes as degenerate
[2026-06-11 17:58:04.467] [jointLog] [info] iteration = 0 | max rel diff. = 1805.1
[2026-06-11 17:58:04.509] [jointLog] [info] iteration = 100 | max rel diff. = 0.00243392
[2026-06-11 17:58:04.509] [jointLog] [info] Finished optimizer
[2026-06-11 17:58:04.509] [jointLog] [info] writing output 

[2026-06-11 17:58:04.423] [fileLog] [info] 
At end of round 0
==================
Observed 7211764 total fragments (7211764 in most recent round)

