[2026-06-12 00:40:34.598] [jointLog] [info] setting maxHashResizeThreads to 4
[2026-06-12 00:40:34.598] [jointLog] [info] Fragment incompatibility prior below threshold.  Incompatible fragments will be ignored.
[2026-06-12 00:40:34.598] [jointLog] [info] Usage of --validateMappings implies use of minScoreFraction. Since not explicitly specified, it is being set to 0.65
[2026-06-12 00:40:34.598] [jointLog] [info] Setting consensusSlack to selective-alignment default of 0.35.
[2026-06-12 00:40:34.598] [jointLog] [info] parsing read library format
[2026-06-12 00:40:34.598] [jointLog] [info] There is 1 library.
[2026-06-12 00:40:34.612] [jointLog] [info] Loading pufferfish index
[2026-06-12 00:40:34.614] [jointLog] [info] Loading dense pufferfish index.
[2026-06-12 00:40:34.819] [jointLog] [info] done
[2026-06-12 00:40:34.878] [jointLog] [info] Index contained 4057 targets
[2026-06-12 00:40:34.878] [jointLog] [info] Number of decoys : 0
[2026-06-12 00:40:35.437] [jointLog] [info] Automatically detected most likely library type as ISR

[2026-06-12 00:41:16.543] [jointLog] [info] Thread saw mini-batch with a maximum of 9.78% zero probability fragments
[2026-06-12 00:41:16.543] [jointLog] [info] Thread saw mini-batch with a maximum of 10.10% zero probability fragments
[2026-06-12 00:41:16.543] [jointLog] [info] Thread saw mini-batch with a maximum of 9.74% zero probability fragments
[2026-06-12 00:41:16.557] [jointLog] [info] Thread saw mini-batch with a maximum of 9.68% zero probability fragments
[2026-06-12 00:41:16.566] [jointLog] [info] Computed 8083 rich equivalence classes for further processing
[2026-06-12 00:41:16.566] [jointLog] [info] Counted 5567133 total reads in the equivalence classes 
[2026-06-12 00:41:16.568] [jointLog] [warning] 0.000482969% of fragments were shorter than the k used to build the index.
If this fraction is too large, consider re-building the index with a smaller k.
The minimum read size found was 30.


[2026-06-12 00:41:16.568] [jointLog] [info] Number of mappings discarded because of alignment score : 1032592
[2026-06-12 00:41:16.568] [jointLog] [info] Number of fragments entirely discarded because of alignment score : 980958
[2026-06-12 00:41:16.568] [jointLog] [info] Number of fragments discarded because they are best-mapped to decoys : 0
[2026-06-12 00:41:16.568] [jointLog] [info] Number of fragments discarded because they have only dovetail (discordant) mappings to valid targets : 25381
[2026-06-12 00:41:16.568] [jointLog] [info] Mapping rate = 74.6876%

[2026-06-12 00:41:16.568] [jointLog] [info] finished quantifyLibrary()
[2026-06-12 00:41:16.574] [jointLog] [info] Starting optimizer
[2026-06-12 00:41:16.577] [jointLog] [info] Marked 0 weighted equivalence classes as degenerate
[2026-06-12 00:41:16.578] [jointLog] [info] iteration = 0 | max rel diff. = 1822.81
[2026-06-12 00:41:16.596] [jointLog] [info] iteration = 100 | max rel diff. = 0.00197016
[2026-06-12 00:41:16.596] [jointLog] [info] Finished optimizer
[2026-06-12 00:41:16.596] [jointLog] [info] writing output 

[2026-06-12 00:41:16.566] [fileLog] [info] 
At end of round 0
==================
Observed 7453889 total fragments (7453889 in most recent round)

