[2026-06-12 00:30:23.117] [jointLog] [info] setting maxHashResizeThreads to 4
[2026-06-12 00:30:23.117] [jointLog] [info] Fragment incompatibility prior below threshold.  Incompatible fragments will be ignored.
[2026-06-12 00:30:23.117] [jointLog] [info] Usage of --validateMappings implies use of minScoreFraction. Since not explicitly specified, it is being set to 0.65
[2026-06-12 00:30:23.117] [jointLog] [info] Setting consensusSlack to selective-alignment default of 0.35.
[2026-06-12 00:30:23.117] [jointLog] [info] parsing read library format
[2026-06-12 00:30:23.117] [jointLog] [info] There is 1 library.
[2026-06-12 00:30:23.129] [jointLog] [info] Loading pufferfish index
[2026-06-12 00:30:23.133] [jointLog] [info] Loading dense pufferfish index.
[2026-06-12 00:30:23.393] [jointLog] [info] done
[2026-06-12 00:30:23.522] [jointLog] [info] Index contained 4057 targets
[2026-06-12 00:30:23.523] [jointLog] [info] Number of decoys : 0
[2026-06-12 00:30:24.413] [jointLog] [info] Automatically detected most likely library type as ISR

[2026-06-12 00:31:08.055] [jointLog] [info] Thread saw mini-batch with a maximum of 10.10% zero probability fragments
[2026-06-12 00:31:08.055] [jointLog] [info] Thread saw mini-batch with a maximum of 9.90% zero probability fragments
[2026-06-12 00:31:08.055] [jointLog] [info] Thread saw mini-batch with a maximum of 9.88% zero probability fragments
[2026-06-12 00:31:08.071] [jointLog] [info] Thread saw mini-batch with a maximum of 10.16% zero probability fragments
[2026-06-12 00:31:08.080] [jointLog] [info] Computed 8152 rich equivalence classes for further processing
[2026-06-12 00:31:08.080] [jointLog] [info] Counted 5840627 total reads in the equivalence classes 
[2026-06-12 00:31:08.082] [jointLog] [warning] 0.00058013% of fragments were shorter than the k used to build the index.
If this fraction is too large, consider re-building the index with a smaller k.
The minimum read size found was 30.


[2026-06-12 00:31:08.082] [jointLog] [info] Number of mappings discarded because of alignment score : 1140756
[2026-06-12 00:31:08.082] [jointLog] [info] Number of fragments entirely discarded because of alignment score : 1088326
[2026-06-12 00:31:08.082] [jointLog] [info] Number of fragments discarded because they are best-mapped to decoys : 0
[2026-06-12 00:31:08.082] [jointLog] [info] Number of fragments discarded because they have only dovetail (discordant) mappings to valid targets : 44250
[2026-06-12 00:31:08.082] [jointLog] [info] Mapping rate = 73.6592%

[2026-06-12 00:31:08.082] [jointLog] [info] finished quantifyLibrary()
[2026-06-12 00:31:08.091] [jointLog] [info] Starting optimizer
[2026-06-12 00:31:08.093] [jointLog] [info] Marked 0 weighted equivalence classes as degenerate
[2026-06-12 00:31:08.093] [jointLog] [info] iteration = 0 | max rel diff. = 5085.96
[2026-06-12 00:31:08.114] [jointLog] [info] iteration = 100 | max rel diff. = 0.00264879
[2026-06-12 00:31:08.114] [jointLog] [info] Finished optimizer
[2026-06-12 00:31:08.114] [jointLog] [info] writing output 

[2026-06-12 00:31:08.081] [fileLog] [info] 
At end of round 0
==================
Observed 7929257 total fragments (7929257 in most recent round)

