[2026-06-12 01:02:24.839] [jointLog] [info] setting maxHashResizeThreads to 4
[2026-06-12 01:02:24.839] [jointLog] [info] Fragment incompatibility prior below threshold.  Incompatible fragments will be ignored.
[2026-06-12 01:02:24.839] [jointLog] [info] Usage of --validateMappings implies use of minScoreFraction. Since not explicitly specified, it is being set to 0.65
[2026-06-12 01:02:24.839] [jointLog] [info] Setting consensusSlack to selective-alignment default of 0.35.
[2026-06-12 01:02:24.839] [jointLog] [info] parsing read library format
[2026-06-12 01:02:24.839] [jointLog] [info] There is 1 library.
[2026-06-12 01:02:24.852] [jointLog] [info] Loading pufferfish index
[2026-06-12 01:02:24.854] [jointLog] [info] Loading dense pufferfish index.
[2026-06-12 01:02:24.978] [jointLog] [info] done
[2026-06-12 01:02:25.024] [jointLog] [info] Index contained 4057 targets
[2026-06-12 01:02:25.024] [jointLog] [info] Number of decoys : 0
[2026-06-12 01:02:26.313] [jointLog] [info] Automatically detected most likely library type as ISR

[2026-06-12 01:03:12.870] [jointLog] [info] Thread saw mini-batch with a maximum of 4.96% zero probability fragments
[2026-06-12 01:03:12.872] [jointLog] [info] Thread saw mini-batch with a maximum of 4.92% zero probability fragments
[2026-06-12 01:03:12.896] [jointLog] [info] Thread saw mini-batch with a maximum of 4.96% zero probability fragments
[2026-06-12 01:03:12.905] [jointLog] [info] Thread saw mini-batch with a maximum of 4.84% zero probability fragments
[2026-06-12 01:03:12.914] [jointLog] [info] Computed 5268 rich equivalence classes for further processing
[2026-06-12 01:03:12.914] [jointLog] [info] Counted 1834973 total reads in the equivalence classes 
[2026-06-12 01:03:12.915] [jointLog] [warning] 0.000602214% of fragments were shorter than the k used to build the index.
If this fraction is too large, consider re-building the index with a smaller k.
The minimum read size found was 30.


[2026-06-12 01:03:12.915] [jointLog] [info] Number of mappings discarded because of alignment score : 546160
[2026-06-12 01:03:12.915] [jointLog] [info] Number of fragments entirely discarded because of alignment score : 481399
[2026-06-12 01:03:12.915] [jointLog] [info] Number of fragments discarded because they are best-mapped to decoys : 0
[2026-06-12 01:03:12.915] [jointLog] [info] Number of fragments discarded because they have only dovetail (discordant) mappings to valid targets : 17727
[2026-06-12 01:03:12.916] [jointLog] [warning] Only 1834973 fragments were mapped, but the number of burn-in fragments was set to 5000000.
The effective lengths have been computed using the observed mappings.

[2026-06-12 01:03:12.916] [jointLog] [info] Mapping rate = 24.5566%

[2026-06-12 01:03:12.916] [jointLog] [info] finished quantifyLibrary()
[2026-06-12 01:03:12.928] [jointLog] [info] Starting optimizer
[2026-06-12 01:03:12.930] [jointLog] [info] Marked 0 weighted equivalence classes as degenerate
[2026-06-12 01:03:12.930] [jointLog] [info] iteration = 0 | max rel diff. = 2336.11
[2026-06-12 01:03:12.952] [jointLog] [info] iteration = 100 | max rel diff. = 0.0018137
[2026-06-12 01:03:12.952] [jointLog] [info] Finished optimizer
[2026-06-12 01:03:12.952] [jointLog] [info] writing output 

[2026-06-12 01:03:12.914] [fileLog] [info] 
At end of round 0
==================
Observed 7472421 total fragments (7472421 in most recent round)

