[2026-06-11 22:42:07.916] [jointLog] [info] setting maxHashResizeThreads to 4
[2026-06-11 22:42:07.916] [jointLog] [info] Fragment incompatibility prior below threshold.  Incompatible fragments will be ignored.
[2026-06-11 22:42:07.916] [jointLog] [info] Usage of --validateMappings implies use of minScoreFraction. Since not explicitly specified, it is being set to 0.65
[2026-06-11 22:42:07.916] [jointLog] [info] Setting consensusSlack to selective-alignment default of 0.35.
[2026-06-11 22:42:07.916] [jointLog] [info] parsing read library format
[2026-06-11 22:42:07.916] [jointLog] [info] There is 1 library.
[2026-06-11 22:42:07.933] [jointLog] [info] Loading pufferfish index
[2026-06-11 22:42:07.939] [jointLog] [info] Loading dense pufferfish index.
[2026-06-11 22:42:08.201] [jointLog] [info] done
[2026-06-11 22:42:08.255] [jointLog] [info] Index contained 4057 targets
[2026-06-11 22:42:08.255] [jointLog] [info] Number of decoys : 0
[2026-06-11 22:42:08.707] [jointLog] [info] Automatically detected most likely library type as ISR

[2026-06-11 22:42:45.425] [jointLog] [info] Thread saw mini-batch with a maximum of 8.96% zero probability fragments
[2026-06-11 22:42:45.426] [jointLog] [info] Thread saw mini-batch with a maximum of 8.96% zero probability fragments
[2026-06-11 22:42:45.426] [jointLog] [info] Thread saw mini-batch with a maximum of 8.88% zero probability fragments
[2026-06-11 22:42:45.444] [jointLog] [info] Thread saw mini-batch with a maximum of 9.12% zero probability fragments
[2026-06-11 22:42:45.454] [jointLog] [info] Computed 6798 rich equivalence classes for further processing
[2026-06-11 22:42:45.454] [jointLog] [info] Counted 5522456 total reads in the equivalence classes 
[2026-06-11 22:42:45.456] [jointLog] [warning] 0.000620033% of fragments were shorter than the k used to build the index.
If this fraction is too large, consider re-building the index with a smaller k.
The minimum read size found was 30.


[2026-06-11 22:42:45.456] [jointLog] [info] Number of mappings discarded because of alignment score : 839551
[2026-06-11 22:42:45.456] [jointLog] [info] Number of fragments entirely discarded because of alignment score : 767587
[2026-06-11 22:42:45.456] [jointLog] [info] Number of fragments discarded because they are best-mapped to decoys : 0
[2026-06-11 22:42:45.456] [jointLog] [info] Number of fragments discarded because they have only dovetail (discordant) mappings to valid targets : 35247
[2026-06-11 22:42:45.456] [jointLog] [info] Mapping rate = 74.4371%

[2026-06-11 22:42:45.456] [jointLog] [info] finished quantifyLibrary()
[2026-06-11 22:42:45.463] [jointLog] [info] Starting optimizer
[2026-06-11 22:42:45.465] [jointLog] [info] Marked 0 weighted equivalence classes as degenerate
[2026-06-11 22:42:45.465] [jointLog] [info] iteration = 0 | max rel diff. = 5732.88
[2026-06-11 22:42:45.485] [jointLog] [info] iteration = 100 | max rel diff. = 0.00455203
[2026-06-11 22:42:45.486] [jointLog] [info] Finished optimizer
[2026-06-11 22:42:45.486] [jointLog] [info] writing output 

[2026-06-11 22:42:45.455] [fileLog] [info] 
At end of round 0
==================
Observed 7418955 total fragments (7418955 in most recent round)

