[2026-06-11 22:32:38.694] [jointLog] [info] setting maxHashResizeThreads to 4
[2026-06-11 22:32:38.694] [jointLog] [info] Fragment incompatibility prior below threshold.  Incompatible fragments will be ignored.
[2026-06-11 22:32:38.694] [jointLog] [info] Usage of --validateMappings implies use of minScoreFraction. Since not explicitly specified, it is being set to 0.65
[2026-06-11 22:32:38.694] [jointLog] [info] Setting consensusSlack to selective-alignment default of 0.35.
[2026-06-11 22:32:38.694] [jointLog] [info] parsing read library format
[2026-06-11 22:32:38.694] [jointLog] [info] There is 1 library.
[2026-06-11 22:32:38.714] [jointLog] [info] Loading pufferfish index
[2026-06-11 22:32:38.717] [jointLog] [info] Loading dense pufferfish index.
[2026-06-11 22:32:38.912] [jointLog] [info] done
[2026-06-11 22:32:38.967] [jointLog] [info] Index contained 4057 targets
[2026-06-11 22:32:38.967] [jointLog] [info] Number of decoys : 0
[2026-06-11 22:32:39.404] [jointLog] [info] Automatically detected most likely library type as ISR

[2026-06-11 22:33:23.055] [jointLog] [info] Thread saw mini-batch with a maximum of 8.66% zero probability fragments
[2026-06-11 22:33:23.055] [jointLog] [info] Thread saw mini-batch with a maximum of 9.10% zero probability fragments
[2026-06-11 22:33:23.055] [jointLog] [info] Thread saw mini-batch with a maximum of 9.16% zero probability fragments
[2026-06-11 22:33:23.079] [jointLog] [info] Thread saw mini-batch with a maximum of 8.88% zero probability fragments
[2026-06-11 22:33:23.089] [jointLog] [info] Computed 7174 rich equivalence classes for further processing
[2026-06-11 22:33:23.089] [jointLog] [info] Counted 6551618 total reads in the equivalence classes 
[2026-06-11 22:33:23.091] [jointLog] [warning] 0.000544024% of fragments were shorter than the k used to build the index.
If this fraction is too large, consider re-building the index with a smaller k.
The minimum read size found was 30.


[2026-06-11 22:33:23.091] [jointLog] [info] Number of mappings discarded because of alignment score : 902108
[2026-06-11 22:33:23.091] [jointLog] [info] Number of fragments entirely discarded because of alignment score : 822547
[2026-06-11 22:33:23.091] [jointLog] [info] Number of fragments discarded because they are best-mapped to decoys : 0
[2026-06-11 22:33:23.091] [jointLog] [info] Number of fragments discarded because they have only dovetail (discordant) mappings to valid targets : 41860
[2026-06-11 22:33:23.091] [jointLog] [info] Mapping rate = 75.8348%

[2026-06-11 22:33:23.091] [jointLog] [info] finished quantifyLibrary()
[2026-06-11 22:33:23.098] [jointLog] [info] Starting optimizer
[2026-06-11 22:33:23.100] [jointLog] [info] Marked 0 weighted equivalence classes as degenerate
[2026-06-11 22:33:23.100] [jointLog] [info] iteration = 0 | max rel diff. = 3266.15
[2026-06-11 22:33:23.138] [jointLog] [info] iteration = 100 | max rel diff. = 0.00426798
[2026-06-11 22:33:23.138] [jointLog] [info] Finished optimizer
[2026-06-11 22:33:23.138] [jointLog] [info] writing output 

[2026-06-11 22:33:23.089] [fileLog] [info] 
At end of round 0
==================
Observed 8639332 total fragments (8639332 in most recent round)

