[2026-06-12 00:10:47.524] [jointLog] [info] setting maxHashResizeThreads to 4
[2026-06-12 00:10:47.524] [jointLog] [info] Fragment incompatibility prior below threshold.  Incompatible fragments will be ignored.
[2026-06-12 00:10:47.524] [jointLog] [info] Usage of --validateMappings implies use of minScoreFraction. Since not explicitly specified, it is being set to 0.65
[2026-06-12 00:10:47.524] [jointLog] [info] Setting consensusSlack to selective-alignment default of 0.35.
[2026-06-12 00:10:47.524] [jointLog] [info] parsing read library format
[2026-06-12 00:10:47.524] [jointLog] [info] There is 1 library.
[2026-06-12 00:10:47.536] [jointLog] [info] Loading pufferfish index
[2026-06-12 00:10:47.539] [jointLog] [info] Loading dense pufferfish index.
[2026-06-12 00:10:47.796] [jointLog] [info] done
[2026-06-12 00:10:47.859] [jointLog] [info] Index contained 4057 targets
[2026-06-12 00:10:47.859] [jointLog] [info] Number of decoys : 0
[2026-06-12 00:10:48.391] [jointLog] [info] Automatically detected most likely library type as ISR

[2026-06-12 00:11:34.427] [jointLog] [info] Thread saw mini-batch with a maximum of 11.66% zero probability fragments
[2026-06-12 00:11:34.427] [jointLog] [info] Thread saw mini-batch with a maximum of 11.12% zero probability fragments
[2026-06-12 00:11:34.427] [jointLog] [info] Thread saw mini-batch with a maximum of 11.22% zero probability fragments
[2026-06-12 00:11:34.443] [jointLog] [info] Thread saw mini-batch with a maximum of 11.46% zero probability fragments
[2026-06-12 00:11:34.453] [jointLog] [info] Computed 7917 rich equivalence classes for further processing
[2026-06-12 00:11:34.453] [jointLog] [info] Counted 6435396 total reads in the equivalence classes 
[2026-06-12 00:11:34.454] [jointLog] [warning] 0.000420596% of fragments were shorter than the k used to build the index.
If this fraction is too large, consider re-building the index with a smaller k.
The minimum read size found was 30.


[2026-06-12 00:11:34.454] [jointLog] [info] Number of mappings discarded because of alignment score : 1140373
[2026-06-12 00:11:34.454] [jointLog] [info] Number of fragments entirely discarded because of alignment score : 1087105
[2026-06-12 00:11:34.454] [jointLog] [info] Number of fragments discarded because they are best-mapped to decoys : 0
[2026-06-12 00:11:34.454] [jointLog] [info] Number of fragments discarded because they have only dovetail (discordant) mappings to valid targets : 36279
[2026-06-12 00:11:34.454] [jointLog] [info] Mapping rate = 75.1862%

[2026-06-12 00:11:34.454] [jointLog] [info] finished quantifyLibrary()
[2026-06-12 00:11:34.461] [jointLog] [info] Starting optimizer
[2026-06-12 00:11:34.463] [jointLog] [info] Marked 0 weighted equivalence classes as degenerate
[2026-06-12 00:11:34.463] [jointLog] [info] iteration = 0 | max rel diff. = 2763.94
[2026-06-12 00:11:34.479] [jointLog] [info] iteration = 100 | max rel diff. = 0.00195675
[2026-06-12 00:11:34.479] [jointLog] [info] Finished optimizer
[2026-06-12 00:11:34.479] [jointLog] [info] writing output 

[2026-06-12 00:11:34.453] [fileLog] [info] 
At end of round 0
==================
Observed 8559273 total fragments (8559273 in most recent round)

