[2026-06-11 15:33:58.164] [jointLog] [info] setting maxHashResizeThreads to 4
[2026-06-11 15:33:58.164] [jointLog] [info] Fragment incompatibility prior below threshold.  Incompatible fragments will be ignored.
[2026-06-11 15:33:58.164] [jointLog] [info] Usage of --validateMappings implies use of minScoreFraction. Since not explicitly specified, it is being set to 0.65
[2026-06-11 15:33:58.164] [jointLog] [info] Setting consensusSlack to selective-alignment default of 0.35.
[2026-06-11 15:33:58.164] [jointLog] [info] parsing read library format
[2026-06-11 15:33:58.164] [jointLog] [info] There is 1 library.
[2026-06-11 15:33:58.182] [jointLog] [info] Loading pufferfish index
[2026-06-11 15:33:58.188] [jointLog] [info] Loading dense pufferfish index.
[2026-06-11 15:33:58.523] [jointLog] [info] done
[2026-06-11 15:33:58.575] [jointLog] [info] Index contained 4057 targets
[2026-06-11 15:33:58.575] [jointLog] [info] Number of decoys : 0
[2026-06-11 15:33:59.113] [jointLog] [info] Automatically detected most likely library type as ISR

[2026-06-11 15:35:52.050] [jointLog] [info] Thread saw mini-batch with a maximum of 12.36% zero probability fragments
[2026-06-11 15:35:52.050] [jointLog] [info] Thread saw mini-batch with a maximum of 12.16% zero probability fragments
[2026-06-11 15:35:52.075] [jointLog] [info] Thread saw mini-batch with a maximum of 11.92% zero probability fragments
[2026-06-11 15:35:52.077] [jointLog] [info] Thread saw mini-batch with a maximum of 11.94% zero probability fragments
[2026-06-11 15:35:52.103] [jointLog] [info] Computed 8209 rich equivalence classes for further processing
[2026-06-11 15:35:52.103] [jointLog] [info] Counted 5413130 total reads in the equivalence classes 
[2026-06-11 15:35:52.111] [jointLog] [warning] 0.000524107% of fragments were shorter than the k used to build the index.
If this fraction is too large, consider re-building the index with a smaller k.
The minimum read size found was 30.


[2026-06-11 15:35:52.111] [jointLog] [info] Number of mappings discarded because of alignment score : 1073912
[2026-06-11 15:35:52.111] [jointLog] [info] Number of fragments entirely discarded because of alignment score : 984628
[2026-06-11 15:35:52.111] [jointLog] [info] Number of fragments discarded because they are best-mapped to decoys : 0
[2026-06-11 15:35:52.111] [jointLog] [info] Number of fragments discarded because they have only dovetail (discordant) mappings to valid targets : 29087
[2026-06-11 15:35:52.111] [jointLog] [info] Mapping rate = 70.9265%

[2026-06-11 15:35:52.111] [jointLog] [info] finished quantifyLibrary()
[2026-06-11 15:35:52.121] [jointLog] [info] Starting optimizer
[2026-06-11 15:35:52.124] [jointLog] [info] Marked 0 weighted equivalence classes as degenerate
[2026-06-11 15:35:52.124] [jointLog] [info] iteration = 0 | max rel diff. = 65827.8
[2026-06-11 15:35:52.170] [jointLog] [info] iteration = 100 | max rel diff. = 0.00255217
[2026-06-11 15:35:52.170] [jointLog] [info] Finished optimizer
[2026-06-11 15:35:52.170] [jointLog] [info] writing output 

[2026-06-11 15:35:52.105] [fileLog] [info] 
At end of round 0
==================
Observed 7632024 total fragments (7632024 in most recent round)

