[2026-06-11 21:55:15.698] [jointLog] [info] setting maxHashResizeThreads to 4
[2026-06-11 21:55:15.698] [jointLog] [info] Fragment incompatibility prior below threshold.  Incompatible fragments will be ignored.
[2026-06-11 21:55:15.698] [jointLog] [info] Usage of --validateMappings implies use of minScoreFraction. Since not explicitly specified, it is being set to 0.65
[2026-06-11 21:55:15.698] [jointLog] [info] Setting consensusSlack to selective-alignment default of 0.35.
[2026-06-11 21:55:15.698] [jointLog] [info] parsing read library format
[2026-06-11 21:55:15.698] [jointLog] [info] There is 1 library.
[2026-06-11 21:55:15.713] [jointLog] [info] Loading pufferfish index
[2026-06-11 21:55:15.718] [jointLog] [info] Loading dense pufferfish index.
[2026-06-11 21:55:15.974] [jointLog] [info] done
[2026-06-11 21:55:16.058] [jointLog] [info] Index contained 4057 targets
[2026-06-11 21:55:16.058] [jointLog] [info] Number of decoys : 0
[2026-06-11 21:55:16.492] [jointLog] [info] Automatically detected most likely library type as ISR

[2026-06-11 21:55:49.892] [fileLog] [info] 
At end of round 0
==================
Observed 6569729 total fragments (6569729 in most recent round)

[2026-06-11 21:55:49.861] [jointLog] [info] Thread saw mini-batch with a maximum of 10.28% zero probability fragments
[2026-06-11 21:55:49.861] [jointLog] [info] Thread saw mini-batch with a maximum of 10.36% zero probability fragments
[2026-06-11 21:55:49.861] [jointLog] [info] Thread saw mini-batch with a maximum of 10.60% zero probability fragments
[2026-06-11 21:55:49.882] [jointLog] [info] Thread saw mini-batch with a maximum of 10.20% zero probability fragments
[2026-06-11 21:55:49.892] [jointLog] [info] Computed 6705 rich equivalence classes for further processing
[2026-06-11 21:55:49.892] [jointLog] [info] Counted 4884331 total reads in the equivalence classes 
[2026-06-11 21:55:49.894] [jointLog] [warning] 0.000547968% of fragments were shorter than the k used to build the index.
If this fraction is too large, consider re-building the index with a smaller k.
The minimum read size found was 30.


[2026-06-11 21:55:49.894] [jointLog] [info] Number of mappings discarded because of alignment score : 733725
[2026-06-11 21:55:49.894] [jointLog] [info] Number of fragments entirely discarded because of alignment score : 662812
[2026-06-11 21:55:49.894] [jointLog] [info] Number of fragments discarded because they are best-mapped to decoys : 0
[2026-06-11 21:55:49.894] [jointLog] [info] Number of fragments discarded because they have only dovetail (discordant) mappings to valid targets : 28216
[2026-06-11 21:55:49.894] [jointLog] [warning] Only 4884331 fragments were mapped, but the number of burn-in fragments was set to 5000000.
The effective lengths have been computed using the observed mappings.

[2026-06-11 21:55:49.894] [jointLog] [info] Mapping rate = 74.346%

[2026-06-11 21:55:49.894] [jointLog] [info] finished quantifyLibrary()
[2026-06-11 21:55:49.901] [jointLog] [info] Starting optimizer
[2026-06-11 21:55:49.902] [jointLog] [info] Marked 0 weighted equivalence classes as degenerate
[2026-06-11 21:55:49.903] [jointLog] [info] iteration = 0 | max rel diff. = 4184.86
[2026-06-11 21:55:49.921] [jointLog] [info] iteration = 100 | max rel diff. = 0.00252185
[2026-06-11 21:55:49.921] [jointLog] [info] Finished optimizer
[2026-06-11 21:55:49.921] [jointLog] [info] writing output 

