[2026-06-11 17:19:15.568] [jointLog] [info] setting maxHashResizeThreads to 4
[2026-06-11 17:19:15.568] [jointLog] [info] Fragment incompatibility prior below threshold.  Incompatible fragments will be ignored.
[2026-06-11 17:19:15.568] [jointLog] [info] Usage of --validateMappings implies use of minScoreFraction. Since not explicitly specified, it is being set to 0.65
[2026-06-11 17:19:15.568] [jointLog] [info] Setting consensusSlack to selective-alignment default of 0.35.
[2026-06-11 17:19:15.568] [jointLog] [info] parsing read library format
[2026-06-11 17:19:15.569] [jointLog] [info] There is 1 library.
[2026-06-11 17:19:15.580] [jointLog] [info] Loading pufferfish index
[2026-06-11 17:19:15.582] [jointLog] [info] Loading dense pufferfish index.
[2026-06-11 17:19:15.741] [jointLog] [info] done
[2026-06-11 17:19:15.792] [jointLog] [info] Index contained 4057 targets
[2026-06-11 17:19:15.793] [jointLog] [info] Number of decoys : 0
[2026-06-11 17:19:16.293] [jointLog] [info] Automatically detected most likely library type as ISR

[2026-06-11 17:20:33.372] [jointLog] [info] Thread saw mini-batch with a maximum of 10.20% zero probability fragments
[2026-06-11 17:20:33.372] [jointLog] [info] Thread saw mini-batch with a maximum of 10.38% zero probability fragments
[2026-06-11 17:20:33.372] [jointLog] [info] Thread saw mini-batch with a maximum of 10.36% zero probability fragments
[2026-06-11 17:20:33.397] [jointLog] [info] Thread saw mini-batch with a maximum of 10.68% zero probability fragments
[2026-06-11 17:20:33.414] [jointLog] [info] Computed 8254 rich equivalence classes for further processing
[2026-06-11 17:20:33.414] [jointLog] [info] Counted 7177701 total reads in the equivalence classes 
[2026-06-11 17:20:33.416] [jointLog] [warning] 0.000686196% of fragments were shorter than the k used to build the index.
If this fraction is too large, consider re-building the index with a smaller k.
The minimum read size found was 30.


[2026-06-11 17:20:33.416] [jointLog] [info] Number of mappings discarded because of alignment score : 1394230
[2026-06-11 17:20:33.416] [jointLog] [info] Number of fragments entirely discarded because of alignment score : 1315134
[2026-06-11 17:20:33.416] [jointLog] [info] Number of fragments discarded because they are best-mapped to decoys : 0
[2026-06-11 17:20:33.416] [jointLog] [info] Number of fragments discarded because they have only dovetail (discordant) mappings to valid targets : 33367
[2026-06-11 17:20:33.416] [jointLog] [info] Mapping rate = 73.5121%

[2026-06-11 17:20:33.416] [jointLog] [info] finished quantifyLibrary()
[2026-06-11 17:20:33.426] [jointLog] [info] Starting optimizer
[2026-06-11 17:20:33.428] [jointLog] [info] Marked 0 weighted equivalence classes as degenerate
[2026-06-11 17:20:33.429] [jointLog] [info] iteration = 0 | max rel diff. = 17731.6
[2026-06-11 17:20:33.491] [jointLog] [info] iteration = 100 | max rel diff. = 0.00318152
[2026-06-11 17:20:33.491] [jointLog] [info] Finished optimizer
[2026-06-11 17:20:33.491] [jointLog] [info] writing output 

[2026-06-11 17:20:33.415] [fileLog] [info] 
At end of round 0
==================
Observed 9763975 total fragments (9763975 in most recent round)

