[2026-06-11 20:33:15.684] [jointLog] [info] setting maxHashResizeThreads to 4
[2026-06-11 20:33:15.684] [jointLog] [info] Fragment incompatibility prior below threshold.  Incompatible fragments will be ignored.
[2026-06-11 20:33:15.684] [jointLog] [info] Usage of --validateMappings implies use of minScoreFraction. Since not explicitly specified, it is being set to 0.65
[2026-06-11 20:33:15.684] [jointLog] [info] Setting consensusSlack to selective-alignment default of 0.35.
[2026-06-11 20:33:15.684] [jointLog] [info] parsing read library format
[2026-06-11 20:33:15.684] [jointLog] [info] There is 1 library.
[2026-06-11 20:33:15.710] [jointLog] [info] Loading pufferfish index
[2026-06-11 20:33:15.715] [jointLog] [info] Loading dense pufferfish index.
[2026-06-11 20:33:15.967] [jointLog] [info] done
[2026-06-11 20:33:16.061] [jointLog] [info] Index contained 4057 targets
[2026-06-11 20:33:16.061] [jointLog] [info] Number of decoys : 0
[2026-06-11 20:33:16.546] [jointLog] [info] Automatically detected most likely library type as ISR

[2026-06-11 20:33:47.963] [jointLog] [info] Thread saw mini-batch with a maximum of 10.60% zero probability fragments
[2026-06-11 20:33:47.963] [jointLog] [info] Thread saw mini-batch with a maximum of 10.64% zero probability fragments
[2026-06-11 20:33:47.963] [jointLog] [info] Thread saw mini-batch with a maximum of 10.50% zero probability fragments
[2026-06-11 20:33:47.978] [jointLog] [info] Thread saw mini-batch with a maximum of 10.82% zero probability fragments
[2026-06-11 20:33:47.988] [jointLog] [info] Computed 6610 rich equivalence classes for further processing
[2026-06-11 20:33:47.988] [jointLog] [info] Counted 4287317 total reads in the equivalence classes 
[2026-06-11 20:33:47.989] [jointLog] [warning] 0.000669067% of fragments were shorter than the k used to build the index.
If this fraction is too large, consider re-building the index with a smaller k.
The minimum read size found was 30.


[2026-06-11 20:33:47.989] [jointLog] [info] Number of mappings discarded because of alignment score : 827039
[2026-06-11 20:33:47.989] [jointLog] [info] Number of fragments entirely discarded because of alignment score : 748772
[2026-06-11 20:33:47.989] [jointLog] [info] Number of fragments discarded because they are best-mapped to decoys : 0
[2026-06-11 20:33:47.989] [jointLog] [info] Number of fragments discarded because they have only dovetail (discordant) mappings to valid targets : 28453
[2026-06-11 20:33:47.990] [jointLog] [warning] Only 4287317 fragments were mapped, but the number of burn-in fragments was set to 5000000.
The effective lengths have been computed using the observed mappings.

[2026-06-11 20:33:47.990] [jointLog] [info] Mapping rate = 71.7126%

[2026-06-11 20:33:47.990] [jointLog] [info] finished quantifyLibrary()
[2026-06-11 20:33:47.998] [jointLog] [info] Starting optimizer
[2026-06-11 20:33:48.000] [jointLog] [info] Marked 0 weighted equivalence classes as degenerate
[2026-06-11 20:33:48.001] [jointLog] [info] iteration = 0 | max rel diff. = 19021
[2026-06-11 20:33:48.025] [jointLog] [info] iteration = 100 | max rel diff. = 0.00404649
[2026-06-11 20:33:48.025] [jointLog] [info] Finished optimizer
[2026-06-11 20:33:48.025] [jointLog] [info] writing output 

[2026-06-11 20:33:47.988] [fileLog] [info] 
At end of round 0
==================
Observed 5978473 total fragments (5978473 in most recent round)

