[2026-06-11 16:14:24.709] [jointLog] [info] setting maxHashResizeThreads to 4
[2026-06-11 16:14:24.709] [jointLog] [info] Fragment incompatibility prior below threshold.  Incompatible fragments will be ignored.
[2026-06-11 16:14:24.709] [jointLog] [info] Usage of --validateMappings implies use of minScoreFraction. Since not explicitly specified, it is being set to 0.65
[2026-06-11 16:14:24.709] [jointLog] [info] Setting consensusSlack to selective-alignment default of 0.35.
[2026-06-11 16:14:24.709] [jointLog] [info] parsing read library format
[2026-06-11 16:14:24.709] [jointLog] [info] There is 1 library.
[2026-06-11 16:14:24.722] [jointLog] [info] Loading pufferfish index
[2026-06-11 16:14:24.733] [jointLog] [info] Loading dense pufferfish index.
[2026-06-11 16:14:24.997] [jointLog] [info] done
[2026-06-11 16:14:25.046] [jointLog] [info] Index contained 4057 targets
[2026-06-11 16:14:25.046] [jointLog] [info] Number of decoys : 0
[2026-06-11 16:14:25.748] [jointLog] [info] Automatically detected most likely library type as ISR

[2026-06-11 16:16:08.197] [jointLog] [info] Thread saw mini-batch with a maximum of 10.82% zero probability fragments
[2026-06-11 16:16:08.197] [jointLog] [info] Thread saw mini-batch with a maximum of 11.08% zero probability fragments
[2026-06-11 16:16:08.201] [jointLog] [info] Thread saw mini-batch with a maximum of 11.38% zero probability fragments
[2026-06-11 16:16:08.226] [jointLog] [info] Thread saw mini-batch with a maximum of 10.76% zero probability fragments
[2026-06-11 16:16:08.249] [jointLog] [info] Computed 7744 rich equivalence classes for further processing
[2026-06-11 16:16:08.249] [jointLog] [info] Counted 5590907 total reads in the equivalence classes 
[2026-06-11 16:16:08.251] [jointLog] [warning] 0.000627754% of fragments were shorter than the k used to build the index.
If this fraction is too large, consider re-building the index with a smaller k.
The minimum read size found was 30.


[2026-06-11 16:16:08.251] [jointLog] [info] Number of mappings discarded because of alignment score : 1100781
[2026-06-11 16:16:08.251] [jointLog] [info] Number of fragments entirely discarded because of alignment score : 1001537
[2026-06-11 16:16:08.251] [jointLog] [info] Number of fragments discarded because they are best-mapped to decoys : 0
[2026-06-11 16:16:08.251] [jointLog] [info] Number of fragments discarded because they have only dovetail (discordant) mappings to valid targets : 30848
[2026-06-11 16:16:08.251] [jointLog] [info] Mapping rate = 71.6268%

[2026-06-11 16:16:08.251] [jointLog] [info] finished quantifyLibrary()
[2026-06-11 16:16:08.268] [jointLog] [info] Starting optimizer
[2026-06-11 16:16:08.272] [jointLog] [info] Marked 0 weighted equivalence classes as degenerate
[2026-06-11 16:16:08.272] [jointLog] [info] iteration = 0 | max rel diff. = 2790
[2026-06-11 16:16:08.309] [jointLog] [info] iteration = 100 | max rel diff. = 0.00194073
[2026-06-11 16:16:08.309] [jointLog] [info] Finished optimizer
[2026-06-11 16:16:08.309] [jointLog] [info] writing output 

[2026-06-11 16:16:08.250] [fileLog] [info] 
At end of round 0
==================
Observed 7805606 total fragments (7805606 in most recent round)

