[2026-06-12 01:29:20.440] [jointLog] [info] setting maxHashResizeThreads to 4
[2026-06-12 01:29:20.440] [jointLog] [info] Fragment incompatibility prior below threshold.  Incompatible fragments will be ignored.
[2026-06-12 01:29:20.440] [jointLog] [info] Usage of --validateMappings implies use of minScoreFraction. Since not explicitly specified, it is being set to 0.65
[2026-06-12 01:29:20.440] [jointLog] [info] Setting consensusSlack to selective-alignment default of 0.35.
[2026-06-12 01:29:20.440] [jointLog] [info] parsing read library format
[2026-06-12 01:29:20.440] [jointLog] [info] There is 1 library.
[2026-06-12 01:29:20.453] [jointLog] [info] Loading pufferfish index
[2026-06-12 01:29:20.455] [jointLog] [info] Loading dense pufferfish index.
[2026-06-12 01:29:20.590] [jointLog] [info] done
[2026-06-12 01:29:20.638] [jointLog] [info] Index contained 4057 targets
[2026-06-12 01:29:20.638] [jointLog] [info] Number of decoys : 0
[2026-06-12 01:29:21.143] [jointLog] [info] Automatically detected most likely library type as ISR

[2026-06-12 01:29:58.626] [fileLog] [info] 
At end of round 0
==================
Observed 7100180 total fragments (7100180 in most recent round)

[2026-06-12 01:29:58.591] [jointLog] [info] Thread saw mini-batch with a maximum of 9.68% zero probability fragments
[2026-06-12 01:29:58.591] [jointLog] [info] Thread saw mini-batch with a maximum of 9.94% zero probability fragments
[2026-06-12 01:29:58.592] [jointLog] [info] Thread saw mini-batch with a maximum of 9.66% zero probability fragments
[2026-06-12 01:29:58.616] [jointLog] [info] Thread saw mini-batch with a maximum of 9.74% zero probability fragments
[2026-06-12 01:29:58.626] [jointLog] [info] Computed 7234 rich equivalence classes for further processing
[2026-06-12 01:29:58.626] [jointLog] [info] Counted 4333666 total reads in the equivalence classes 
[2026-06-12 01:29:58.628] [jointLog] [warning] 0.000507029% of fragments were shorter than the k used to build the index.
If this fraction is too large, consider re-building the index with a smaller k.
The minimum read size found was 30.


[2026-06-12 01:29:58.628] [jointLog] [info] Number of mappings discarded because of alignment score : 919805
[2026-06-12 01:29:58.628] [jointLog] [info] Number of fragments entirely discarded because of alignment score : 852687
[2026-06-12 01:29:58.628] [jointLog] [info] Number of fragments discarded because they are best-mapped to decoys : 0
[2026-06-12 01:29:58.628] [jointLog] [info] Number of fragments discarded because they have only dovetail (discordant) mappings to valid targets : 29248
[2026-06-12 01:29:58.628] [jointLog] [warning] Only 4333666 fragments were mapped, but the number of burn-in fragments was set to 5000000.
The effective lengths have been computed using the observed mappings.

[2026-06-12 01:29:58.628] [jointLog] [info] Mapping rate = 61.036%

[2026-06-12 01:29:58.628] [jointLog] [info] finished quantifyLibrary()
[2026-06-12 01:29:58.636] [jointLog] [info] Starting optimizer
[2026-06-12 01:29:58.637] [jointLog] [info] Marked 0 weighted equivalence classes as degenerate
[2026-06-12 01:29:58.638] [jointLog] [info] iteration = 0 | max rel diff. = 1882.81
[2026-06-12 01:29:58.660] [jointLog] [info] iteration = 100 | max rel diff. = 0.00231443
[2026-06-12 01:29:58.660] [jointLog] [info] Finished optimizer
[2026-06-12 01:29:58.660] [jointLog] [info] writing output 

