[2026-06-11 20:42:37.141] [jointLog] [info] setting maxHashResizeThreads to 4
[2026-06-11 20:42:37.141] [jointLog] [info] Fragment incompatibility prior below threshold.  Incompatible fragments will be ignored.
[2026-06-11 20:42:37.141] [jointLog] [info] Usage of --validateMappings implies use of minScoreFraction. Since not explicitly specified, it is being set to 0.65
[2026-06-11 20:42:37.141] [jointLog] [info] Setting consensusSlack to selective-alignment default of 0.35.
[2026-06-11 20:42:37.141] [jointLog] [info] parsing read library format
[2026-06-11 20:42:37.141] [jointLog] [info] There is 1 library.
[2026-06-11 20:42:37.153] [jointLog] [info] Loading pufferfish index
[2026-06-11 20:42:37.156] [jointLog] [info] Loading dense pufferfish index.
[2026-06-11 20:42:37.405] [jointLog] [info] done
[2026-06-11 20:42:37.469] [jointLog] [info] Index contained 4057 targets
[2026-06-11 20:42:37.469] [jointLog] [info] Number of decoys : 0
[2026-06-11 20:42:38.029] [jointLog] [info] Automatically detected most likely library type as ISR

[2026-06-11 20:43:15.352] [jointLog] [info] Thread saw mini-batch with a maximum of 11.30% zero probability fragments
[2026-06-11 20:43:15.352] [jointLog] [info] Thread saw mini-batch with a maximum of 10.62% zero probability fragments
[2026-06-11 20:43:15.359] [jointLog] [info] Thread saw mini-batch with a maximum of 10.68% zero probability fragments
[2026-06-11 20:43:15.364] [jointLog] [info] Thread saw mini-batch with a maximum of 10.72% zero probability fragments
[2026-06-11 20:43:15.506] [jointLog] [info] Computed 6714 rich equivalence classes for further processing
[2026-06-11 20:43:15.506] [jointLog] [info] Counted 5095334 total reads in the equivalence classes 
[2026-06-11 20:43:15.507] [jointLog] [warning] 0.000482415% of fragments were shorter than the k used to build the index.
If this fraction is too large, consider re-building the index with a smaller k.
The minimum read size found was 30.


[2026-06-11 20:43:15.507] [jointLog] [info] Number of mappings discarded because of alignment score : 767620
[2026-06-11 20:43:15.507] [jointLog] [info] Number of fragments entirely discarded because of alignment score : 688512
[2026-06-11 20:43:15.507] [jointLog] [info] Number of fragments discarded because they are best-mapped to decoys : 0
[2026-06-11 20:43:15.507] [jointLog] [info] Number of fragments discarded because they have only dovetail (discordant) mappings to valid targets : 33112
[2026-06-11 20:43:15.507] [jointLog] [info] Mapping rate = 72.296%

[2026-06-11 20:43:15.507] [jointLog] [info] finished quantifyLibrary()
[2026-06-11 20:43:15.514] [jointLog] [info] Starting optimizer
[2026-06-11 20:43:15.539] [jointLog] [info] Marked 0 weighted equivalence classes as degenerate
[2026-06-11 20:43:15.539] [jointLog] [info] iteration = 0 | max rel diff. = 102712
[2026-06-11 20:43:15.557] [jointLog] [info] iteration = 100 | max rel diff. = 0.00469679
[2026-06-11 20:43:15.557] [jointLog] [info] Finished optimizer
[2026-06-11 20:43:15.557] [jointLog] [info] writing output 

[2026-06-11 20:43:15.506] [fileLog] [info] 
At end of round 0
==================
Observed 7047879 total fragments (7047879 in most recent round)

