[2026-06-11 15:46:11.613] [jointLog] [info] setting maxHashResizeThreads to 4
[2026-06-11 15:46:11.613] [jointLog] [info] Fragment incompatibility prior below threshold.  Incompatible fragments will be ignored.
[2026-06-11 15:46:11.613] [jointLog] [info] Usage of --validateMappings implies use of minScoreFraction. Since not explicitly specified, it is being set to 0.65
[2026-06-11 15:46:11.613] [jointLog] [info] Setting consensusSlack to selective-alignment default of 0.35.
[2026-06-11 15:46:11.613] [jointLog] [info] parsing read library format
[2026-06-11 15:46:11.613] [jointLog] [info] There is 1 library.
[2026-06-11 15:46:11.628] [jointLog] [info] Loading pufferfish index
[2026-06-11 15:46:11.635] [jointLog] [info] Loading dense pufferfish index.
[2026-06-11 15:46:12.125] [jointLog] [info] done
[2026-06-11 15:46:12.217] [jointLog] [info] Index contained 4057 targets
[2026-06-11 15:46:12.217] [jointLog] [info] Number of decoys : 0
[2026-06-11 15:46:15.291] [jointLog] [info] Automatically detected most likely library type as ISR

[2026-06-11 15:47:37.293] [jointLog] [info] Thread saw mini-batch with a maximum of 12.02% zero probability fragments
[2026-06-11 15:47:37.294] [jointLog] [info] Thread saw mini-batch with a maximum of 11.88% zero probability fragments
[2026-06-11 15:47:37.308] [jointLog] [info] Thread saw mini-batch with a maximum of 12.28% zero probability fragments
[2026-06-11 15:47:37.309] [jointLog] [info] Thread saw mini-batch with a maximum of 12.18% zero probability fragments
[2026-06-11 15:47:37.326] [fileLog] [info] 
At end of round 0
==================
Observed 6737191 total fragments (6737191 in most recent round)

[2026-06-11 15:47:37.326] [jointLog] [info] Computed 7066 rich equivalence classes for further processing
[2026-06-11 15:47:37.326] [jointLog] [info] Counted 4745985 total reads in the equivalence classes 
[2026-06-11 15:47:37.328] [jointLog] [warning] 0.000608562% of fragments were shorter than the k used to build the index.
If this fraction is too large, consider re-building the index with a smaller k.
The minimum read size found was 30.


[2026-06-11 15:47:37.328] [jointLog] [info] Number of mappings discarded because of alignment score : 933279
[2026-06-11 15:47:37.328] [jointLog] [info] Number of fragments entirely discarded because of alignment score : 855680
[2026-06-11 15:47:37.328] [jointLog] [info] Number of fragments discarded because they are best-mapped to decoys : 0
[2026-06-11 15:47:37.328] [jointLog] [info] Number of fragments discarded because they have only dovetail (discordant) mappings to valid targets : 38747
[2026-06-11 15:47:37.329] [jointLog] [warning] Only 4745985 fragments were mapped, but the number of burn-in fragments was set to 5000000.
The effective lengths have been computed using the observed mappings.

[2026-06-11 15:47:37.329] [jointLog] [info] Mapping rate = 70.4446%

[2026-06-11 15:47:37.329] [jointLog] [info] finished quantifyLibrary()
[2026-06-11 15:47:37.341] [jointLog] [info] Starting optimizer
[2026-06-11 15:47:37.344] [jointLog] [info] Marked 0 weighted equivalence classes as degenerate
[2026-06-11 15:47:37.344] [jointLog] [info] iteration = 0 | max rel diff. = 16273.3
[2026-06-11 15:47:37.379] [jointLog] [info] iteration = 100 | max rel diff. = 0.00275338
[2026-06-11 15:47:37.379] [jointLog] [info] Finished optimizer
[2026-06-11 15:47:37.379] [jointLog] [info] writing output 

