[2026-06-11 23:47:13.957] [jointLog] [info] setting maxHashResizeThreads to 4
[2026-06-11 23:47:13.957] [jointLog] [info] Fragment incompatibility prior below threshold.  Incompatible fragments will be ignored.
[2026-06-11 23:47:13.957] [jointLog] [info] Usage of --validateMappings implies use of minScoreFraction. Since not explicitly specified, it is being set to 0.65
[2026-06-11 23:47:13.957] [jointLog] [info] Setting consensusSlack to selective-alignment default of 0.35.
[2026-06-11 23:47:13.957] [jointLog] [info] parsing read library format
[2026-06-11 23:47:13.957] [jointLog] [info] There is 1 library.
[2026-06-11 23:47:13.983] [jointLog] [info] Loading pufferfish index
[2026-06-11 23:47:13.986] [jointLog] [info] Loading dense pufferfish index.
[2026-06-11 23:47:14.174] [jointLog] [info] done
[2026-06-11 23:47:14.246] [jointLog] [info] Index contained 4057 targets
[2026-06-11 23:47:14.246] [jointLog] [info] Number of decoys : 0
[2026-06-11 23:47:14.910] [jointLog] [info] Automatically detected most likely library type as ISR

[2026-06-11 23:48:00.521] [fileLog] [info] 
At end of round 0
==================
Observed 8745209 total fragments (8745209 in most recent round)

[2026-06-11 23:48:00.491] [jointLog] [info] Thread saw mini-batch with a maximum of 13.40% zero probability fragments
[2026-06-11 23:48:00.491] [jointLog] [info] Thread saw mini-batch with a maximum of 9.92% zero probability fragments
[2026-06-11 23:48:00.491] [jointLog] [info] Thread saw mini-batch with a maximum of 9.86% zero probability fragments
[2026-06-11 23:48:00.510] [jointLog] [info] Thread saw mini-batch with a maximum of 10.40% zero probability fragments
[2026-06-11 23:48:00.521] [jointLog] [info] Computed 8134 rich equivalence classes for further processing
[2026-06-11 23:48:00.521] [jointLog] [info] Counted 6469376 total reads in the equivalence classes 
[2026-06-11 23:48:00.523] [jointLog] [warning] 0.000377349% of fragments were shorter than the k used to build the index.
If this fraction is too large, consider re-building the index with a smaller k.
The minimum read size found was 30.


[2026-06-11 23:48:00.523] [jointLog] [info] Number of mappings discarded because of alignment score : 1219579
[2026-06-11 23:48:00.523] [jointLog] [info] Number of fragments entirely discarded because of alignment score : 1167329
[2026-06-11 23:48:00.523] [jointLog] [info] Number of fragments discarded because they are best-mapped to decoys : 0
[2026-06-11 23:48:00.523] [jointLog] [info] Number of fragments discarded because they have only dovetail (discordant) mappings to valid targets : 36100
[2026-06-11 23:48:00.523] [jointLog] [info] Mapping rate = 73.9762%

[2026-06-11 23:48:00.523] [jointLog] [info] finished quantifyLibrary()
[2026-06-11 23:48:00.537] [jointLog] [info] Starting optimizer
[2026-06-11 23:48:00.539] [jointLog] [info] Marked 0 weighted equivalence classes as degenerate
[2026-06-11 23:48:00.539] [jointLog] [info] iteration = 0 | max rel diff. = 5500.35
[2026-06-11 23:48:00.556] [jointLog] [info] iteration = 100 | max rel diff. = 0.00189909
[2026-06-11 23:48:00.556] [jointLog] [info] Finished optimizer
[2026-06-11 23:48:00.556] [jointLog] [info] writing output 

