[2026-06-11 18:46:47.363] [jointLog] [info] setting maxHashResizeThreads to 4
[2026-06-11 18:46:47.363] [jointLog] [info] Fragment incompatibility prior below threshold.  Incompatible fragments will be ignored.
[2026-06-11 18:46:47.363] [jointLog] [info] Usage of --validateMappings implies use of minScoreFraction. Since not explicitly specified, it is being set to 0.65
[2026-06-11 18:46:47.363] [jointLog] [info] Setting consensusSlack to selective-alignment default of 0.35.
[2026-06-11 18:46:47.363] [jointLog] [info] parsing read library format
[2026-06-11 18:46:47.364] [jointLog] [info] There is 1 library.
[2026-06-11 18:46:47.381] [jointLog] [info] Loading pufferfish index
[2026-06-11 18:46:47.384] [jointLog] [info] Loading dense pufferfish index.
[2026-06-11 18:46:47.505] [jointLog] [info] done
[2026-06-11 18:46:47.556] [jointLog] [info] Index contained 4057 targets
[2026-06-11 18:46:47.556] [jointLog] [info] Number of decoys : 0
[2026-06-11 18:46:48.081] [jointLog] [info] Automatically detected most likely library type as ISR

[2026-06-11 18:47:34.940] [jointLog] [info] Thread saw mini-batch with a maximum of 10.18% zero probability fragments
[2026-06-11 18:47:34.941] [jointLog] [info] Thread saw mini-batch with a maximum of 9.76% zero probability fragments
[2026-06-11 18:47:34.949] [jointLog] [info] Thread saw mini-batch with a maximum of 10.24% zero probability fragments
[2026-06-11 18:47:34.951] [jointLog] [info] Thread saw mini-batch with a maximum of 9.98% zero probability fragments
[2026-06-11 18:47:34.962] [jointLog] [info] Computed 8631 rich equivalence classes for further processing
[2026-06-11 18:47:34.962] [jointLog] [info] Counted 6568617 total reads in the equivalence classes 
[2026-06-11 18:47:34.964] [jointLog] [warning] 0.000764851% of fragments were shorter than the k used to build the index.
If this fraction is too large, consider re-building the index with a smaller k.
The minimum read size found was 30.


[2026-06-11 18:47:34.964] [jointLog] [info] Number of mappings discarded because of alignment score : 1337966
[2026-06-11 18:47:34.964] [jointLog] [info] Number of fragments entirely discarded because of alignment score : 1224865
[2026-06-11 18:47:34.964] [jointLog] [info] Number of fragments discarded because they are best-mapped to decoys : 0
[2026-06-11 18:47:34.964] [jointLog] [info] Number of fragments discarded because they have only dovetail (discordant) mappings to valid targets : 29504
[2026-06-11 18:47:34.964] [jointLog] [info] Mapping rate = 71.7716%

[2026-06-11 18:47:34.964] [jointLog] [info] finished quantifyLibrary()
[2026-06-11 18:47:34.973] [jointLog] [info] Starting optimizer
[2026-06-11 18:47:34.977] [jointLog] [info] Marked 0 weighted equivalence classes as degenerate
[2026-06-11 18:47:34.978] [jointLog] [info] iteration = 0 | max rel diff. = 2861.24
[2026-06-11 18:47:35.006] [jointLog] [info] iteration = 100 | max rel diff. = 0.00357495
[2026-06-11 18:47:35.006] [jointLog] [info] Finished optimizer
[2026-06-11 18:47:35.006] [jointLog] [info] writing output 

[2026-06-11 18:47:34.962] [fileLog] [info] 
At end of round 0
==================
Observed 9152113 total fragments (9152113 in most recent round)

