[2026-06-12 01:36:59.883] [jointLog] [info] setting maxHashResizeThreads to 4
[2026-06-12 01:36:59.883] [jointLog] [info] Fragment incompatibility prior below threshold.  Incompatible fragments will be ignored.
[2026-06-12 01:36:59.883] [jointLog] [info] Usage of --validateMappings implies use of minScoreFraction. Since not explicitly specified, it is being set to 0.65
[2026-06-12 01:36:59.883] [jointLog] [info] Setting consensusSlack to selective-alignment default of 0.35.
[2026-06-12 01:36:59.883] [jointLog] [info] parsing read library format
[2026-06-12 01:36:59.883] [jointLog] [info] There is 1 library.
[2026-06-12 01:36:59.889] [jointLog] [info] Loading pufferfish index
[2026-06-12 01:36:59.892] [jointLog] [info] Loading dense pufferfish index.
[2026-06-12 01:37:00.012] [jointLog] [info] done
[2026-06-12 01:37:00.063] [jointLog] [info] Index contained 4057 targets
[2026-06-12 01:37:00.063] [jointLog] [info] Number of decoys : 0
[2026-06-12 01:37:00.495] [jointLog] [info] Automatically detected most likely library type as ISR

[2026-06-12 01:37:35.017] [jointLog] [info] Thread saw mini-batch with a maximum of 10.10% zero probability fragments
[2026-06-12 01:37:35.018] [jointLog] [info] Thread saw mini-batch with a maximum of 10.06% zero probability fragments
[2026-06-12 01:37:35.030] [jointLog] [info] Thread saw mini-batch with a maximum of 9.84% zero probability fragments
[2026-06-12 01:37:35.030] [jointLog] [info] Thread saw mini-batch with a maximum of 9.84% zero probability fragments
[2026-06-12 01:37:35.180] [jointLog] [info] Computed 6817 rich equivalence classes for further processing
[2026-06-12 01:37:35.180] [jointLog] [info] Counted 3992912 total reads in the equivalence classes 
[2026-06-12 01:37:35.182] [jointLog] [warning] 0.000608677% of fragments were shorter than the k used to build the index.
If this fraction is too large, consider re-building the index with a smaller k.
The minimum read size found was 30.


[2026-06-12 01:37:35.182] [jointLog] [info] Number of mappings discarded because of alignment score : 811139
[2026-06-12 01:37:35.182] [jointLog] [info] Number of fragments entirely discarded because of alignment score : 731451
[2026-06-12 01:37:35.182] [jointLog] [info] Number of fragments discarded because they are best-mapped to decoys : 0
[2026-06-12 01:37:35.182] [jointLog] [info] Number of fragments discarded because they have only dovetail (discordant) mappings to valid targets : 29740
[2026-06-12 01:37:35.182] [jointLog] [warning] Only 3992912 fragments were mapped, but the number of burn-in fragments was set to 5000000.
The effective lengths have been computed using the observed mappings.

[2026-06-12 01:37:35.182] [jointLog] [info] Mapping rate = 62.3178%

[2026-06-12 01:37:35.182] [jointLog] [info] finished quantifyLibrary()
[2026-06-12 01:37:35.189] [jointLog] [info] Starting optimizer
[2026-06-12 01:37:35.195] [jointLog] [info] Marked 0 weighted equivalence classes as degenerate
[2026-06-12 01:37:35.196] [jointLog] [info] iteration = 0 | max rel diff. = 3706.61
[2026-06-12 01:37:35.211] [jointLog] [info] iteration = 100 | max rel diff. = 0.00205342
[2026-06-12 01:37:35.211] [jointLog] [info] Finished optimizer
[2026-06-12 01:37:35.211] [jointLog] [info] writing output 

[2026-06-12 01:37:35.180] [fileLog] [info] 
At end of round 0
==================
Observed 6407342 total fragments (6407342 in most recent round)

