[2026-06-11 16:00:42.244] [jointLog] [info] setting maxHashResizeThreads to 4
[2026-06-11 16:00:42.244] [jointLog] [info] Fragment incompatibility prior below threshold.  Incompatible fragments will be ignored.
[2026-06-11 16:00:42.244] [jointLog] [info] Usage of --validateMappings implies use of minScoreFraction. Since not explicitly specified, it is being set to 0.65
[2026-06-11 16:00:42.244] [jointLog] [info] Setting consensusSlack to selective-alignment default of 0.35.
[2026-06-11 16:00:42.244] [jointLog] [info] parsing read library format
[2026-06-11 16:00:42.244] [jointLog] [info] There is 1 library.
[2026-06-11 16:00:42.259] [jointLog] [info] Loading pufferfish index
[2026-06-11 16:00:42.265] [jointLog] [info] Loading dense pufferfish index.
[2026-06-11 16:00:42.667] [jointLog] [info] done
[2026-06-11 16:00:42.743] [jointLog] [info] Index contained 4057 targets
[2026-06-11 16:00:42.743] [jointLog] [info] Number of decoys : 0
[2026-06-11 16:00:43.359] [jointLog] [info] Automatically detected most likely library type as ISR

[2026-06-11 16:02:15.828] [jointLog] [info] Thread saw mini-batch with a maximum of 11.44% zero probability fragments
[2026-06-11 16:02:15.828] [jointLog] [info] Thread saw mini-batch with a maximum of 11.44% zero probability fragments
[2026-06-11 16:02:15.833] [jointLog] [info] Thread saw mini-batch with a maximum of 11.76% zero probability fragments
[2026-06-11 16:02:15.853] [jointLog] [info] Thread saw mini-batch with a maximum of 11.26% zero probability fragments
[2026-06-11 16:02:15.876] [jointLog] [info] Computed 7562 rich equivalence classes for further processing
[2026-06-11 16:02:15.876] [jointLog] [info] Counted 6021688 total reads in the equivalence classes 
[2026-06-11 16:02:15.879] [jointLog] [warning] 0.000569338% of fragments were shorter than the k used to build the index.
If this fraction is too large, consider re-building the index with a smaller k.
The minimum read size found was 30.


[2026-06-11 16:02:15.879] [jointLog] [info] Number of mappings discarded because of alignment score : 1155235
[2026-06-11 16:02:15.879] [jointLog] [info] Number of fragments entirely discarded because of alignment score : 1049951
[2026-06-11 16:02:15.879] [jointLog] [info] Number of fragments discarded because they are best-mapped to decoys : 0
[2026-06-11 16:02:15.879] [jointLog] [info] Number of fragments discarded because they have only dovetail (discordant) mappings to valid targets : 36048
[2026-06-11 16:02:15.879] [jointLog] [info] Mapping rate = 71.4245%

[2026-06-11 16:02:15.879] [jointLog] [info] finished quantifyLibrary()
[2026-06-11 16:02:15.885] [jointLog] [info] Starting optimizer
[2026-06-11 16:02:15.888] [jointLog] [info] Marked 0 weighted equivalence classes as degenerate
[2026-06-11 16:02:15.889] [jointLog] [info] iteration = 0 | max rel diff. = 9225.47
[2026-06-11 16:02:15.927] [jointLog] [info] iteration = 100 | max rel diff. = 0.00223455
[2026-06-11 16:02:15.927] [jointLog] [info] Finished optimizer
[2026-06-11 16:02:15.927] [jointLog] [info] writing output 

[2026-06-11 16:02:15.876] [fileLog] [info] 
At end of round 0
==================
Observed 8430838 total fragments (8430838 in most recent round)

