[2026-06-11 19:04:32.092] [jointLog] [info] setting maxHashResizeThreads to 4
[2026-06-11 19:04:32.092] [jointLog] [info] Fragment incompatibility prior below threshold.  Incompatible fragments will be ignored.
[2026-06-11 19:04:32.092] [jointLog] [info] Usage of --validateMappings implies use of minScoreFraction. Since not explicitly specified, it is being set to 0.65
[2026-06-11 19:04:32.092] [jointLog] [info] Setting consensusSlack to selective-alignment default of 0.35.
[2026-06-11 19:04:32.092] [jointLog] [info] parsing read library format
[2026-06-11 19:04:32.092] [jointLog] [info] There is 1 library.
[2026-06-11 19:04:32.102] [jointLog] [info] Loading pufferfish index
[2026-06-11 19:04:32.105] [jointLog] [info] Loading dense pufferfish index.
[2026-06-11 19:04:32.323] [jointLog] [info] done
[2026-06-11 19:04:32.373] [jointLog] [info] Index contained 4057 targets
[2026-06-11 19:04:32.374] [jointLog] [info] Number of decoys : 0
[2026-06-11 19:04:32.792] [jointLog] [info] Automatically detected most likely library type as ISR

[2026-06-11 19:05:08.959] [jointLog] [info] Thread saw mini-batch with a maximum of 11.68% zero probability fragments
[2026-06-11 19:05:08.959] [jointLog] [info] Thread saw mini-batch with a maximum of 11.66% zero probability fragments
[2026-06-11 19:05:08.962] [jointLog] [info] Thread saw mini-batch with a maximum of 11.42% zero probability fragments
[2026-06-11 19:05:08.970] [jointLog] [info] Thread saw mini-batch with a maximum of 11.98% zero probability fragments
[2026-06-11 19:05:08.987] [jointLog] [info] Computed 7166 rich equivalence classes for further processing
[2026-06-11 19:05:08.987] [jointLog] [info] Counted 4762994 total reads in the equivalence classes 
[2026-06-11 19:05:08.988] [jointLog] [warning] 0.000652054% of fragments were shorter than the k used to build the index.
If this fraction is too large, consider re-building the index with a smaller k.
The minimum read size found was 30.


[2026-06-11 19:05:08.988] [jointLog] [info] Number of mappings discarded because of alignment score : 925811
[2026-06-11 19:05:08.988] [jointLog] [info] Number of fragments entirely discarded because of alignment score : 849306
[2026-06-11 19:05:08.988] [jointLog] [info] Number of fragments discarded because they are best-mapped to decoys : 0
[2026-06-11 19:05:08.988] [jointLog] [info] Number of fragments discarded because they have only dovetail (discordant) mappings to valid targets : 26951
[2026-06-11 19:05:08.988] [jointLog] [warning] Only 4762994 fragments were mapped, but the number of burn-in fragments was set to 5000000.
The effective lengths have been computed using the observed mappings.

[2026-06-11 19:05:08.988] [jointLog] [info] Mapping rate = 70.5847%

[2026-06-11 19:05:08.988] [jointLog] [info] finished quantifyLibrary()
[2026-06-11 19:05:08.996] [jointLog] [info] Starting optimizer
[2026-06-11 19:05:08.998] [jointLog] [info] Marked 0 weighted equivalence classes as degenerate
[2026-06-11 19:05:08.998] [jointLog] [info] iteration = 0 | max rel diff. = 2419.37
[2026-06-11 19:05:09.015] [jointLog] [info] iteration = 100 | max rel diff. = 0.00285558
[2026-06-11 19:05:09.015] [jointLog] [info] Finished optimizer
[2026-06-11 19:05:09.015] [jointLog] [info] writing output 

[2026-06-11 19:05:08.987] [fileLog] [info] 
At end of round 0
==================
Observed 6747912 total fragments (6747912 in most recent round)

