[2026-06-12 01:12:59.302] [jointLog] [info] setting maxHashResizeThreads to 4
[2026-06-12 01:12:59.302] [jointLog] [info] Fragment incompatibility prior below threshold.  Incompatible fragments will be ignored.
[2026-06-12 01:12:59.302] [jointLog] [info] Usage of --validateMappings implies use of minScoreFraction. Since not explicitly specified, it is being set to 0.65
[2026-06-12 01:12:59.302] [jointLog] [info] Setting consensusSlack to selective-alignment default of 0.35.
[2026-06-12 01:12:59.302] [jointLog] [info] parsing read library format
[2026-06-12 01:12:59.302] [jointLog] [info] There is 1 library.
[2026-06-12 01:12:59.312] [jointLog] [info] Loading pufferfish index
[2026-06-12 01:12:59.314] [jointLog] [info] Loading dense pufferfish index.
[2026-06-12 01:12:59.458] [jointLog] [info] done
[2026-06-12 01:12:59.506] [jointLog] [info] Index contained 4057 targets
[2026-06-12 01:12:59.507] [jointLog] [info] Number of decoys : 0
[2026-06-12 01:12:59.995] [jointLog] [info] Automatically detected most likely library type as ISR

[2026-06-12 01:13:45.523] [jointLog] [info] Thread saw mini-batch with a maximum of 11.04% zero probability fragments
[2026-06-12 01:13:45.523] [jointLog] [info] Thread saw mini-batch with a maximum of 10.50% zero probability fragments
[2026-06-12 01:13:45.534] [jointLog] [info] Thread saw mini-batch with a maximum of 10.52% zero probability fragments
[2026-06-12 01:13:45.537] [jointLog] [info] Thread saw mini-batch with a maximum of 10.42% zero probability fragments
[2026-06-12 01:13:45.546] [jointLog] [info] Computed 8049 rich equivalence classes for further processing
[2026-06-12 01:13:45.546] [jointLog] [info] Counted 5696450 total reads in the equivalence classes 
[2026-06-12 01:13:45.547] [jointLog] [warning] 0.000416089% of fragments were shorter than the k used to build the index.
If this fraction is too large, consider re-building the index with a smaller k.
The minimum read size found was 30.


[2026-06-12 01:13:45.547] [jointLog] [info] Number of mappings discarded because of alignment score : 1242945
[2026-06-12 01:13:45.547] [jointLog] [info] Number of fragments entirely discarded because of alignment score : 1196234
[2026-06-12 01:13:45.547] [jointLog] [info] Number of fragments discarded because they are best-mapped to decoys : 0
[2026-06-12 01:13:45.547] [jointLog] [info] Number of fragments discarded because they have only dovetail (discordant) mappings to valid targets : 37227
[2026-06-12 01:13:45.547] [jointLog] [info] Mapping rate = 64.0602%

[2026-06-12 01:13:45.547] [jointLog] [info] finished quantifyLibrary()
[2026-06-12 01:13:45.554] [jointLog] [info] Starting optimizer
[2026-06-12 01:13:45.555] [jointLog] [info] Marked 0 weighted equivalence classes as degenerate
[2026-06-12 01:13:45.556] [jointLog] [info] iteration = 0 | max rel diff. = 1250.94
[2026-06-12 01:13:45.577] [jointLog] [info] iteration = 100 | max rel diff. = 0.00252637
[2026-06-12 01:13:45.577] [jointLog] [info] Finished optimizer
[2026-06-12 01:13:45.577] [jointLog] [info] writing output 

[2026-06-12 01:13:45.546] [fileLog] [info] 
At end of round 0
==================
Observed 8892338 total fragments (8892338 in most recent round)

